Archive member included to satisfy reference by file (symbol)

libDaisy/build\libdaisy.a(daisy_seed.o)
                              build/kxmx_bluemchen.o (daisy::DaisySeed::Configure())
libDaisy/build\libdaisy.a(codec_ak4556.o)
                              libDaisy/build\libdaisy.a(daisy_seed.o) (daisy::Ak4556::Init(dsy_gpio_pin))
libDaisy/build\libdaisy.a(codec_wm8731.o)
                              libDaisy/build\libdaisy.a(daisy_seed.o) (daisy::Wm8731::Init(daisy::Wm8731::Config const&, daisy::I2CHandle))
libDaisy/build\libdaisy.a(sdram.o)
                              libDaisy/build\libdaisy.a(daisy_seed.o) (SdramHandle::Init())
libDaisy/build\libdaisy.a(audio.o)
                              libDaisy/build\libdaisy.a(daisy_seed.o) (daisy::AudioHandle::Init(daisy::AudioHandle::Config const&, daisy::SaiHandle))
libDaisy/build\libdaisy.a(ctrl.o)
                              build/kxmx_bluemchen.o (daisy::AnalogControl::Init(unsigned short*, float, bool, bool, float))
libDaisy/build\libdaisy.a(encoder.o)
                              build/kxmx_bluemchen.o (daisy::Encoder::Init(dsy_gpio_pin, dsy_gpio_pin, dsy_gpio_pin, float))
libDaisy/build\libdaisy.a(switch.o)
                              libDaisy/build\libdaisy.a(encoder.o) (daisy::Switch::Init(dsy_gpio_pin, float))
libDaisy/build\libdaisy.a(adc.o)
                              build/kxmx_bluemchen.o (daisy::AdcChannelConfig::InitSingle(dsy_gpio_pin))
libDaisy/build\libdaisy.a(dac.o)
                              build/kxmx_bluemchen.o (daisy::DacHandle::Init(daisy::DacHandle::Config const&))
libDaisy/build\libdaisy.a(gpio.o)
                              libDaisy/build\libdaisy.a(daisy_seed.o) (dsy_gpio_init)
libDaisy/build\libdaisy.a(i2c.o)
                              build/kxmx_bluemchen.o (daisy::I2CHandle::Init(daisy::I2CHandle::Config const&))
libDaisy/build\libdaisy.a(qspi.o)
                              libDaisy/build\libdaisy.a(daisy_seed.o) (daisy::QSPIHandle::Init(daisy::QSPIHandle::Config const&))
libDaisy/build\libdaisy.a(sai.o)
                              libDaisy/build\libdaisy.a(daisy_seed.o) (daisy::SaiHandle::Init(daisy::SaiHandle::Config const&))
libDaisy/build\libdaisy.a(sdmmc.o)
                              build/kxmx_bluemchen.o (daisy::SdmmcHandler::Init(daisy::SdmmcHandler::Config const&))
libDaisy/build\libdaisy.a(uart.o)
                              build/kxmx_bluemchen.o (daisy::UartHandler::Init(daisy::UartHandler::Config const&))
libDaisy/build\libdaisy.a(system.o)
                              libDaisy/build\libdaisy.a(daisy_seed.o) (daisy::System::DeInit())
libDaisy/build\libdaisy.a(system_stm32h7xx.o)
                              build/startup_stm32h750xx.o (SystemInit)
libDaisy/build\libdaisy.a(usbd_conf.o)
                              libDaisy/build\libdaisy.a(system.o) (hpcd_USB_OTG_HS)
libDaisy/build\libdaisy.a(usbh_conf.o)
                              libDaisy/build\libdaisy.a(system.o) (hhcd_USB_OTG_HS)
libDaisy/build\libdaisy.a(hal_map.o)
                              libDaisy/build\libdaisy.a(gpio.o) (dsy_hal_map_get_port)
libDaisy/build\libdaisy.a(oled_fonts.o)
                              build/looper.o (Font_6x8)
libDaisy/build\libdaisy.a(stm32h7xx_hal.o)
                              libDaisy/build\libdaisy.a(system.o) (HAL_Init)
libDaisy/build\libdaisy.a(stm32h7xx_hal_adc.o)
                              libDaisy/build\libdaisy.a(adc.o) (HAL_ADC_ConfigChannel)
libDaisy/build\libdaisy.a(stm32h7xx_hal_adc_ex.o)
                              libDaisy/build\libdaisy.a(adc.o) (HAL_ADCEx_Calibration_Start)
libDaisy/build\libdaisy.a(stm32h7xx_hal_cortex.o)
                              libDaisy/build\libdaisy.a(stm32h7xx_hal.o) (HAL_NVIC_SetPriorityGrouping)
libDaisy/build\libdaisy.a(stm32h7xx_hal_dac.o)
                              libDaisy/build\libdaisy.a(dac.o) (HAL_DAC_Init)
libDaisy/build\libdaisy.a(stm32h7xx_hal_dac_ex.o)
                              libDaisy/build\libdaisy.a(stm32h7xx_hal_dac.o) (HAL_DACEx_DMAUnderrunCallbackCh2)
libDaisy/build\libdaisy.a(stm32h7xx_hal_dma.o)
                              libDaisy/build\libdaisy.a(adc.o) (HAL_DMA_Init)
libDaisy/build\libdaisy.a(stm32h7xx_hal_gpio.o)
                              libDaisy/build\libdaisy.a(sdram.o) (HAL_GPIO_Init)
libDaisy/build\libdaisy.a(stm32h7xx_hal_hcd.o)
                              libDaisy/build\libdaisy.a(usbh_conf.o) (HAL_HCD_HC_Init)
libDaisy/build\libdaisy.a(stm32h7xx_hal_i2c.o)
                              libDaisy/build\libdaisy.a(i2c.o) (HAL_I2C_Init)
libDaisy/build\libdaisy.a(stm32h7xx_hal_i2c_ex.o)
                              libDaisy/build\libdaisy.a(i2c.o) (HAL_I2CEx_ConfigAnalogFilter)
libDaisy/build\libdaisy.a(stm32h7xx_hal_pcd.o)
                              libDaisy/build\libdaisy.a(usbd_conf.o) (HAL_PCD_Init)
libDaisy/build\libdaisy.a(stm32h7xx_hal_pcd_ex.o)
                              libDaisy/build\libdaisy.a(usbd_conf.o) (HAL_PCDEx_SetTxFiFo)
[...]
Memory Configuration

Name             Origin             Length             Attributes
FLASH            0x08000000         0x00020000         xr
DTCMRAM          0x20000000         0x00020000         xrw
SRAM             0x24000000         0x00080000         xrw
RAM_D2           0x30000000         0x00048000         xrw
RAM_D3           0x38000000         0x00010000         xrw
ITCMRAM          0x00000000         0x00010000         xrw
SDRAM            0xc0000000         0x04000000         xrw
QSPIFLASH        0x90000000         0x00800000         xr
*default*        0x00000000         0xffffffff

Linker script and memory map

LOAD c:/users/yaman/downloads/daisytoolchain-0.3.3/daisytoolchain-0.3.3/windows/bin/../lib/gcc/arm-none-eabi/10.2.1/thumb/v7e-m+dp/hard/crti.o
LOAD c:/users/yaman/downloads/daisytoolchain-0.3.3/daisytoolchain-0.3.3/windows/bin/../lib/gcc/arm-none-eabi/10.2.1/thumb/v7e-m+dp/hard/crtbegin.o
LOAD c:/users/yaman/downloads/daisytoolchain-0.3.3/daisytoolchain-0.3.3/windows/bin/../lib/gcc/arm-none-eabi/10.2.1/../../../../arm-none-eabi/lib/thumb/v7e-m+dp/hard/crt0.o
LOAD build/startup_stm32h750xx.o
LOAD build/diskio.o
LOAD build/ff.o
LOAD build/ff_gen_drv.o
LOAD build/ccsbcs.o
LOAD build/kxmx_bluemchen.o
LOAD build/looper.o
LOAD libDaisy/build\libdaisy.a
LOAD c:/users/yaman/downloads/daisytoolchain-0.3.3/daisytoolchain-0.3.3/windows/bin/../lib/gcc/arm-none-eabi/10.2.1/../../../../arm-none-eabi/lib/thumb/v7e-m+dp/hard\libnosys.a
LOAD DaisySP/build\libdaisysp.a
LOAD c:/users/yaman/downloads/daisytoolchain-0.3.3/daisytoolchain-0.3.3/windows/bin/../lib/gcc/arm-none-eabi/10.2.1/../../../../arm-none-eabi/lib/thumb/v7e-m+dp/hard\libstdc++_nano.a
LOAD c:/users/yaman/downloads/daisytoolchain-0.3.3/daisytoolchain-0.3.3/windows/bin/../lib/gcc/arm-none-eabi/10.2.1/../../../../arm-none-eabi/lib/thumb/v7e-m+dp/hard\libm.a
LOAD c:/users/yaman/downloads/daisytoolchain-0.3.3/daisytoolchain-0.3.3/windows/bin/../lib/gcc/arm-none-eabi/10.2.1/../../../../arm-none-eabi/lib/thumb/v7e-m+dp/hard\libc_nano.a
START GROUP
LOAD c:/users/yaman/downloads/daisytoolchain-0.3.3/daisytoolchain-0.3.3/windows/bin/../lib/gcc/arm-none-eabi/10.2.1/thumb/v7e-m+dp/hard\libgcc.a
LOAD c:/users/yaman/downloads/daisytoolchain-0.3.3/daisytoolchain-0.3.3/windows/bin/../lib/gcc/arm-none-eabi/10.2.1/../../../../arm-none-eabi/lib/thumb/v7e-m+dp/hard\libc_nano.a
END GROUP
START GROUP
LOAD c:/users/yaman/downloads/daisytoolchain-0.3.3/daisytoolchain-0.3.3/windows/bin/../lib/gcc/arm-none-eabi/10.2.1/thumb/v7e-m+dp/hard\libgcc.a
LOAD c:/users/yaman/downloads/daisytoolchain-0.3.3/daisytoolchain-0.3.3/windows/bin/../lib/gcc/arm-none-eabi/10.2.1/../../../../arm-none-eabi/lib/thumb/v7e-m+dp/hard\libc_nano.a
LOAD c:/users/yaman/downloads/daisytoolchain-0.3.3/daisytoolchain-0.3.3/windows/bin/../lib/gcc/arm-none-eabi/10.2.1/../../../../arm-none-eabi/lib/thumb/v7e-m+dp/hard\libnosys.a
END GROUP
START GROUP
LOAD c:/users/yaman/downloads/daisytoolchain-0.3.3/daisytoolchain-0.3.3/windows/bin/../lib/gcc/arm-none-eabi/10.2.1/thumb/v7e-m+dp/hard\libgcc.a
LOAD c:/users/yaman/downloads/daisytoolchain-0.3.3/daisytoolchain-0.3.3/windows/bin/../lib/gcc/arm-none-eabi/10.2.1/../../../../arm-none-eabi/lib/thumb/v7e-m+dp/hard\libc_nano.a
LOAD c:/users/yaman/downloads/daisytoolchain-0.3.3/daisytoolchain-0.3.3/windows/bin/../lib/gcc/arm-none-eabi/10.2.1/../../../../arm-none-eabi/lib/thumb/v7e-m+dp/hard\libnosys.a
END GROUP
LOAD c:/users/yaman/downloads/daisytoolchain-0.3.3/daisytoolchain-0.3.3/windows/bin/../lib/gcc/arm-none-eabi/10.2.1/thumb/v7e-m+dp/hard/crtend.o
LOAD c:/users/yaman/downloads/daisytoolchain-0.3.3/daisytoolchain-0.3.3/windows/bin/../lib/gcc/arm-none-eabi/10.2.1/thumb/v7e-m+dp/hard/crtn.o
                0x20020000                _estack = 0x20020000

.isr_vector     0x08000000      0x298
                0x08000000                . = ALIGN (0x4)
 *(.isr_vector)
 .isr_vector    0x08000000      0x298 build/startup_stm32h750xx.o
                0x08000000                g_pfnVectors
                0x08000298                . = ALIGN (0x4)

.text           0x080002a0    0x179a8
                0x080002a0                . = ALIGN (0x4)
                0x080002a0                _stext = .
 *(.text)
 .text          0x080002a0       0x40 c:/users/yaman/downloads/daisytoolchain-0.3.3/daisytoolchain-0.3.3/windows/bin/../lib/gcc/arm-none-eabi/10.2.1/thumb/v7e-m+dp/hard/crtbegin.o
 .text          0x080002e0       0x14 c:/users/yaman/downloads/daisytoolchain-0.3.3/daisytoolchain-0.3.3/windows/bin/../lib/gcc/arm-none-eabi/10.2.1/../../../../arm-none-eabi/lib/thumb/v7e-m+dp/hard\libc_nano.a(lib_a-strcmp.o)
                0x080002e0                strcmp
 .text          0x080002f4       0x10 c:/users/yaman/downloads/daisytoolchain-0.3.3/daisytoolchain-0.3.3/windows/bin/../lib/gcc/arm-none-eabi/10.2.1/../../../../arm-none-eabi/lib/thumb/v7e-m+dp/hard\libc_nano.a(lib_a-strlen.o)
                0x080002f4                strlen
 *fill*         0x08000304        0xc 
 .text          0x08000310       0xa0 c:/users/yaman/downloads/daisytoolchain-0.3.3/daisytoolchain-0.3.3/windows/bin/../lib/gcc/arm-none-eabi/10.2.1/../../../../arm-none-eabi/lib/thumb/v7e-m+dp/hard\libc_nano.a(lib_a-memchr.o)
                0x08000310                memchr
 .text          0x080003b0      0x378 c:/users/yaman/downloads/daisytoolchain-0.3.3/daisytoolchain-0.3.3/windows/bin/../lib/gcc/arm-none-eabi/10.2.1/thumb/v7e-m+dp/hard\libgcc.a(_arm_addsubdf3.o)
                0x080003b0                __aeabi_drsub
                0x080003b8                __aeabi_dsub
                0x080003b8                __subdf3
                0x080003bc                __aeabi_dadd
                0x080003bc                __adddf3
                0x08000634                __floatunsidf
                0x08000634                __aeabi_ui2d
                0x08000654                __floatsidf
                0x08000654                __aeabi_i2d
                0x08000678                __aeabi_f2d
                0x08000678                __extendsfdf2
                0x080006bc                __floatundidf
                0x080006bc                __aeabi_ul2d
                0x080006cc                __floatdidf
                0x080006cc                __aeabi_l2d
 .text          0x08000728       0x30 c:/users/yaman/downloads/daisytoolchain-0.3.3/daisytoolchain-0.3.3/windows/bin/../lib/gcc/arm-none-eabi/10.2.1/thumb/v7e-m+dp/hard\libgcc.a(_aeabi_uldivmod.o)
                0x08000728                __aeabi_uldivmod
 .text          0x08000758      0x2d0 c:/users/yaman/downloads/daisytoolchain-0.3.3/daisytoolchain-0.3.3/windows/bin/../lib/gcc/arm-none-eabi/10.2.1/thumb/v7e-m+dp/hard\libgcc.a(_udivmoddi4.o)
                0x08000758                __udivmoddi4
 .text          0x08000a28        0x4 c:/users/yaman/downloads/daisytoolchain-0.3.3/daisytoolchain-0.3.3/windows/bin/../lib/gcc/arm-none-eabi/10.2.1/thumb/v7e-m+dp/hard\libgcc.a(_dvmd_tls.o)
                0x08000a28                __aeabi_idiv0
                0x08000a28                __aeabi_ldiv0
 *(.text*)
 .text.Default_Handler
                0x08000a2c        0x4 build/startup_stm32h750xx.o
                0x08000a2c                RTC_Alarm_IRQHandler
                0x08000a2c                HASH_RNG_IRQHandler
                0x08000a2c                EXTI2_IRQHandler
                0x08000a2c                TIM8_CC_IRQHandler
                0x08000a2c                HRTIM1_Master_IRQHandler
                0x08000a2c                DebugMon_Handler
                0x08000a2c                SPI4_IRQHandler
                0x08000a2c                TIM1_CC_IRQHandler
                0x08000a2c                BDMA_Channel6_IRQHandler
                0x08000a2c                DMA2_Stream5_IRQHandler
                0x08000a2c                HRTIM1_FLT_IRQHandler
                0x08000a2c                JPEG_IRQHandler
                0x08000a2c                BDMA_Channel1_IRQHandler
                0x08000a2c                HRTIM1_TIMD_IRQHandler
                0x08000a2c                TAMP_STAMP_IRQHandler
                0x08000a2c                PendSV_Handler
                0x08000a2c                NMI_Handler
                0x08000a2c                EXTI3_IRQHandler
                0x08000a2c                LPTIM4_IRQHandler
                0x08000a2c                TIM8_TRG_COM_TIM14_IRQHandler
                0x08000a2c                LPTIM2_IRQHandler
                0x08000a2c                DFSDM1_FLT1_IRQHandler
                0x08000a2c                DMAMUX2_OVR_IRQHandler
                0x08000a2c                TIM8_UP_TIM13_IRQHandler
                0x08000a2c                I2C3_ER_IRQHandler
                0x08000a2c                DFSDM1_FLT2_IRQHandler
                0x08000a2c                MDMA_IRQHandler
                0x08000a2c                LPTIM3_IRQHandler
                0x08000a2c                HSEM1_IRQHandler
                0x08000a2c                EXTI0_IRQHandler
                0x08000a2c                FPU_IRQHandler
                0x08000a2c                OTG_HS_WKUP_IRQHandler
                0x08000a2c                FDCAN1_IT1_IRQHandler
                0x08000a2c                UsageFault_Handler
                0x08000a2c                LTDC_ER_IRQHandler
                0x08000a2c                HRTIM1_TIME_IRQHandler
                0x08000a2c                DCMI_IRQHandler
                0x08000a2c                HRTIM1_TIMC_IRQHandler
                0x08000a2c                SAI2_IRQHandler
                0x08000a2c                DFSDM1_FLT3_IRQHandler
                0x08000a2c                TIM17_IRQHandler
                0x08000a2c                CRYP_IRQHandler
                0x08000a2c                BDMA_Channel7_IRQHandler
                0x08000a2c                LPTIM5_IRQHandler
                0x08000a2c                ADC3_IRQHandler
                0x08000a2c                TIM4_IRQHandler
                0x08000a2c                BDMA_Channel2_IRQHandler
                0x08000a2c                DMAMUX1_OVR_IRQHandler
                0x08000a2c                TIM16_IRQHandler
                0x08000a2c                BDMA_Channel5_IRQHandler
                0x08000a2c                TIM3_IRQHandler
                0x08000a2c                RCC_IRQHandler
                0x08000a2c                TIM8_BRK_TIM12_IRQHandler
                0x08000a2c                TIM1_TRG_COM_IRQHandler
                0x08000a2c                Default_Handler
                0x08000a2c                ECC_IRQHandler
                0x08000a2c                CEC_IRQHandler
                0x08000a2c                EXTI15_10_IRQHandler
                0x08000a2c                BDMA_Channel0_IRQHandler
                0x08000a2c                ADC_IRQHandler
                0x08000a2c                DMA1_Stream7_IRQHandler
                0x08000a2c                HRTIM1_TIMA_IRQHandler
                0x08000a2c                SPI5_IRQHandler
                0x08000a2c                TIM7_IRQHandler
                0x08000a2c                TIM5_IRQHandler
                0x08000a2c                DMA2_Stream7_IRQHandler
                0x08000a2c                TIM15_IRQHandler
                0x08000a2c                PVD_AVD_IRQHandler
                0x08000a2c                EXTI9_5_IRQHandler
                0x08000a2c                RTC_WKUP_IRQHandler
                0x08000a2c                LTDC_IRQHandler
                0x08000a2c                SAI3_IRQHandler
                0x08000a2c                ETH_WKUP_IRQHandler
                0x08000a2c                SPDIF_RX_IRQHandler
                0x08000a2c                SPI2_IRQHandler
                0x08000a2c                MemManage_Handler
                0x08000a2c                SVC_Handler
                0x08000a2c                CRS_IRQHandler
                0x08000a2c                EXTI4_IRQHandler
                0x08000a2c                HRTIM1_TIMB_IRQHandler
                0x08000a2c                FDCAN2_IT1_IRQHandler
                0x08000a2c                ETH_IRQHandler
                0x08000a2c                TIM1_UP_IRQHandler
                0x08000a2c                BDMA_Channel4_IRQHandler
                0x08000a2c                WWDG_IRQHandler
                0x08000a2c                SPI6_IRQHandler
                0x08000a2c                I2C4_EV_IRQHandler
                0x08000a2c                MDIOS_IRQHandler
                0x08000a2c                FDCAN2_IT0_IRQHandler
                0x08000a2c                FDCAN1_IT0_IRQHandler
                0x08000a2c                TIM2_IRQHandler
                0x08000a2c                OTG_FS_WKUP_IRQHandler
                0x08000a2c                DMA2D_IRQHandler
                0x08000a2c                TIM1_BRK_IRQHandler
                0x08000a2c                EXTI1_IRQHandler
                0x08000a2c                SDMMC2_IRQHandler
                0x08000a2c                OTG_FS_EP1_OUT_IRQHandler
                0x08000a2c                BDMA_Channel3_IRQHandler
                0x08000a2c                MDIOS_WKUP_IRQHandler
                0x08000a2c                DFSDM1_FLT0_IRQHandler
                0x08000a2c                SAI4_IRQHandler
                0x08000a2c                I2C2_ER_IRQHandler
                0x08000a2c                FLASH_IRQHandler
                0x08000a2c                DMA2_Stream4_IRQHandler
                0x08000a2c                BusFault_Handler
                0x08000a2c                OTG_FS_IRQHandler
                0x08000a2c                SPI3_IRQHandler
                0x08000a2c                WAKEUP_PIN_IRQHandler
                0x08000a2c                OTG_FS_EP1_IN_IRQHandler
                0x08000a2c                I2C1_ER_IRQHandler
                0x08000a2c                FMC_IRQHandler
                0x08000a2c                FDCAN_CAL_IRQHandler
                0x08000a2c                SWPMI1_IRQHandler
                0x08000a2c                COMP1_IRQHandler
                0x08000a2c                LPTIM1_IRQHandler
                0x08000a2c                I2C4_ER_IRQHandler
                0x08000a2c                DMA2_Stream6_IRQHandler
                0x08000a2c                SAI1_IRQHandler
 .text.Reset_Handler
                0x08000a30       0x44 build/startup_stm32h750xx.o
                0x08000a30                Reset_Handler
 .text._ZN4kxmx9Bluemchen10StartAudioEPFvPKPKfPPfjE
                0x08000a74        0x4 build/kxmx_bluemchen.o
                0x08000a74                kxmx::Bluemchen::StartAudio(void (*)(float const* const*, float**, unsigned int))
 .text._ZN4kxmx9Bluemchen8StartAdcEv
                0x08000a78        0x8 build/kxmx_bluemchen.o
                0x08000a78                kxmx::Bluemchen::StartAdc()
 .text._ZN4kxmx9Bluemchen21ProcessAnalogControlsEv
                0x08000a80       0x28 build/kxmx_bluemchen.o
                0x08000a80                kxmx::Bluemchen::ProcessAnalogControls()
 .text._ZN4kxmx9Bluemchen22ProcessDigitalControlsEv
                0x08000aa8        0x8 build/kxmx_bluemchen.o
                0x08000aa8                kxmx::Bluemchen::ProcessDigitalControls()
 .text._ZN4kxmx9Bluemchen12InitControlsEv
                0x08000ab0      0x110 build/kxmx_bluemchen.o
                0x08000ab0                kxmx::Bluemchen::InitControls()
 .text._ZN4kxmx9Bluemchen4InitEv
                0x08000bc0      0x390 build/kxmx_bluemchen.o
                0x08000bc0                kxmx::Bluemchen::Init()
 .text._ZN4kxmx9BluemchenD2Ev
                0x08000f50        0x4 build/looper.o
                0x08000f50                kxmx::Bluemchen::~Bluemchen()
                0x08000f50                kxmx::Bluemchen::~Bluemchen()
 .text._ZN5daisy11OledDisplayINS_13SSD130xDriverILj64ELj32ENS_19SSD130xI2CTransportEEEED2Ev
                0x08000f54        0x4 build/looper.o
                0x08000f54                daisy::OledDisplay<daisy::SSD130xDriver<64u, 32u, daisy::SSD130xI2CTransport> >::~OledDisplay()
                0x08000f54                daisy::OledDisplay<daisy::SSD130xDriver<64u, 32u, daisy::SSD130xI2CTransport> >::~OledDisplay()
 .text._ZN5daisy11OledDisplayINS_13SSD130xDriverILj64ELj32ENS_19SSD130xI2CTransportEEEE4FillEb
                0x08000f58       0x10 build/looper.o
                0x08000f58                daisy::OledDisplay<daisy::SSD130xDriver<64u, 32u, daisy::SSD130xI2CTransport> >::Fill(bool)
 .text._ZNK5daisy11OledDisplayINS_13SSD130xDriverILj64ELj32ENS_19SSD130xI2CTransportEEEE6HeightEv
                0x08000f68        0x4 build/looper.o
                0x08000f68                daisy::OledDisplay<daisy::SSD130xDriver<64u, 32u, daisy::SSD130xI2CTransport> >::Height() const
 .text._ZNK5daisy11OledDisplayINS_13SSD130xDriverILj64ELj32ENS_19SSD130xI2CTransportEEEE5WidthEv
                0x08000f6c        0x4 build/looper.o
                0x08000f6c                daisy::OledDisplay<daisy::SSD130xDriver<64u, 32u, daisy::SSD130xI2CTransport> >::Width() const
 .text._ZN5daisy11OledDisplayINS_13SSD130xDriverILj64ELj32ENS_19SSD130xI2CTransportEEEED0Ev
                0x08000f70       0x10 build/looper.o
                0x08000f70                daisy::OledDisplay<daisy::SSD130xDriver<64u, 32u, daisy::SSD130xI2CTransport> >::~OledDisplay()
 .text._ZN5daisy11OledDisplayINS_13SSD130xDriverILj64ELj32ENS_19SSD130xI2CTransportEEEE6UpdateEv
                0x08000f80       0xac build/looper.o
                0x08000f80                daisy::OledDisplay<daisy::SSD130xDriver<64u, 32u, daisy::SSD130xI2CTransport> >::Update()
 *fill*         0x0800102c        0x4 
 .text._Z13AudioCallbackPKPKfPPfj
                0x08001030      0x37c build/looper.o
                0x08001030                AudioCallback(float const* const*, float**, unsigned int)
 .text._ZN5daisy25OneBitGraphicsDisplayImplINS_11OledDisplayINS_13SSD130xDriverILj64ELj32ENS_19SSD130xI2CTransportEEEEEE11WriteStringEPKc7FontDefb
                0x080013ac      0x22c build/looper.o
                0x080013ac                daisy::OneBitGraphicsDisplayImpl<daisy::OledDisplay<daisy::SSD130xDriver<64u, 32u, daisy::SSD130xI2CTransport> > >::WriteString(char const*, FontDef, bool)
 .text._ZN5daisy11OledDisplayINS_13SSD130xDriverILj64ELj32ENS_19SSD130xI2CTransportEEEE9DrawPixelEjjb
                0x080015d8       0x44 build/looper.o
                0x080015d8                daisy::OledDisplay<daisy::SSD130xDriver<64u, 32u, daisy::SSD130xI2CTransport> >::DrawPixel(unsigned int, unsigned int, bool)
 .text._ZN5daisy25OneBitGraphicsDisplayImplINS_11OledDisplayINS_13SSD130xDriverILj64ELj32ENS_19SSD130xI2CTransportEEEEEE18WriteStringAlignedEPKcRK7FontDefNS_9RectangleENS_9AlignmentEb
                0x0800161c      0x448 build/looper.o
                0x0800161c                daisy::OneBitGraphicsDisplayImpl<daisy::OledDisplay<daisy::SSD130xDriver<64u, 32u, daisy::SSD130xI2CTransport> > >::WriteStringAligned(char const*, FontDef const&, daisy::Rectangle, daisy::Alignment, bool)
 .text._ZN5daisy25OneBitGraphicsDisplayImplINS_11OledDisplayINS_13SSD130xDriverILj64ELj32ENS_19SSD130xI2CTransportEEEEEE9WriteCharEc7FontDefb
                0x08001a64      0x1e4 build/looper.o
                0x08001a64                daisy::OneBitGraphicsDisplayImpl<daisy::OledDisplay<daisy::SSD130xDriver<64u, 32u, daisy::SSD130xI2CTransport> > >::WriteChar(char, FontDef, bool)
 .text._ZN5daisy25OneBitGraphicsDisplayImplINS_11OledDisplayINS_13SSD130xDriverILj64ELj32ENS_19SSD130xI2CTransportEEEEEE8DrawLineEjjjjb
                0x08001c48      0x178 build/looper.o
                0x08001c48                daisy::OneBitGraphicsDisplayImpl<daisy::OledDisplay<daisy::SSD130xDriver<64u, 32u, daisy::SSD130xI2CTransport> > >::DrawLine(unsigned int, unsigned int, unsigned int, unsigned int, bool)
 .text._ZN5daisy25OneBitGraphicsDisplayImplINS_11OledDisplayINS_13SSD130xDriverILj64ELj32ENS_19SSD130xI2CTransportEEEEEE7DrawArcEjjjiib
                0x08001dc0      0x470 build/looper.o
                0x08001dc0                daisy::OneBitGraphicsDisplayImpl<daisy::OledDisplay<daisy::SSD130xDriver<64u, 32u, daisy::SSD130xI2CTransport> > >::DrawArc(unsigned int, unsigned int, unsigned int, int, int, bool)
 .text._ZN5daisy25OneBitGraphicsDisplayImplINS_11OledDisplayINS_13SSD130xDriverILj64ELj32ENS_19SSD130xI2CTransportEEEEEE8DrawRectEjjjjbb
                0x08002230      0x88c build/looper.o
                0x08002230                daisy::OneBitGraphicsDisplayImpl<daisy::OledDisplay<daisy::SSD130xDriver<64u, 32u, daisy::SSD130xI2CTransport> > >::DrawRect(unsigned int, unsigned int, unsigned int, unsigned int, bool, bool)
 *fill*         0x08002abc        0x4 
 .text._Z15ProcessControlsv
                0x08002ac0       0xe8 build/looper.o
                0x08002ac0                ProcessControls()
 .text.startup.main
                0x08002ba8      0x860 build/looper.o
                0x08002ba8                main
 .text.startup._GLOBAL__sub_I_bluemchen
                0x08003408       0x6c build/looper.o
 .text._ZN5daisy9DaisySeed9ConfigureEv
                0x08003474        0x4 libDaisy/build\libdaisy.a(daisy_seed.o)
                0x08003474                daisy::DaisySeed::Configure()
 .text._ZN5daisy9DaisySeed6GetPinEh
                0x08003478       0x2c libDaisy/build\libdaisy.a(daisy_seed.o)
                0x08003478                daisy::DaisySeed::GetPin(unsigned char)
 .text._ZN5daisy9DaisySeed10StartAudioEPFvPKPKfPPfjE
                0x080034a4        0x8 libDaisy/build\libdaisy.a(daisy_seed.o)
                0x080034a4                daisy::DaisySeed::StartAudio(void (*)(float const* const*, float**, unsigned int))
 .text._ZNK5daisy9DaisySeed17AudioCallbackRateEv
                0x080034ac        0x8 libDaisy/build\libdaisy.a(daisy_seed.o)
                0x080034ac                daisy::DaisySeed::AudioCallbackRate() const
 .text._ZN5daisy9DaisySeed14ConfigureAudioEv
                0x080034b4       0xd0 libDaisy/build\libdaisy.a(daisy_seed.o)
                0x080034b4                daisy::DaisySeed::ConfigureAudio()
 .text._ZN5daisy9DaisySeed4InitEb
                0x08003584       0xf0 libDaisy/build\libdaisy.a(daisy_seed.o)
                0x08003584                daisy::DaisySeed::Init(bool)
 .text._ZN5daisy6Ak45564InitE12dsy_gpio_pin
                0x08003674       0x44 libDaisy/build\libdaisy.a(codec_ak4556.o)
                0x08003674                daisy::Ak4556::Init(dsy_gpio_pin)
 .text._ZN5daisy6Wm873120WriteControlRegisterEht
                0x080036b8       0x3c libDaisy/build\libdaisy.a(codec_wm8731.o)
                0x080036b8                daisy::Wm8731::WriteControlRegister(unsigned char, unsigned short)
 .text._ZN5daisy6Wm87314InitERKNS0_6ConfigENS_9I2CHandleE
                0x080036f4      0x1bc libDaisy/build\libdaisy.a(codec_wm8731.o)
                0x080036f4                daisy::Wm8731::Init(daisy::Wm8731::Config const&, daisy::I2CHandle)
 .text._ZN11SdramHandle10DeviceInitEv
                0x080038b0       0x98 libDaisy/build\libdaisy.a(sdram.o)
                0x080038b0                SdramHandle::DeviceInit()
 .text._ZN11SdramHandle4InitEv
                0x08003948       0x7c libDaisy/build\libdaisy.a(sdram.o)
                0x08003948                SdramHandle::Init()
 .text.HAL_SDRAM_MspInit
                0x080039c4      0x1a8 libDaisy/build\libdaisy.a(sdram.o)
                0x080039c4                HAL_SDRAM_MspInit
 .text._ZN5daisy11AudioHandle4Impl16InternalCallbackEPlS2_j
                0x08003b6c      0xbbc libDaisy/build\libdaisy.a(audio.o)
                0x08003b6c                daisy::AudioHandle::Impl::InternalCallback(long*, long*, unsigned int)
 .text._ZN5daisy11AudioHandle4InitERKNS0_6ConfigENS_9SaiHandleE
                0x08004728       0x64 libDaisy/build\libdaisy.a(audio.o)
                0x08004728                daisy::AudioHandle::Init(daisy::AudioHandle::Config const&, daisy::SaiHandle)
 .text._ZNK5daisy11AudioHandle9GetConfigEv
                0x0800478c        0x8 libDaisy/build\libdaisy.a(audio.o)
                0x0800478c                daisy::AudioHandle::GetConfig() const
 .text._ZN5daisy11AudioHandle13GetSampleRateEv
                0x08004794        0x8 libDaisy/build\libdaisy.a(audio.o)
                0x08004794                daisy::AudioHandle::GetSampleRate()
 .text._ZN5daisy11AudioHandle5StartEPFvPKPKfPPfjE
                0x0800479c       0x44 libDaisy/build\libdaisy.a(audio.o)
                0x0800479c                daisy::AudioHandle::Start(void (*)(float const* const*, float**, unsigned int))
 .text.startup._GLOBAL__sub_I__ZN5daisy11AudioHandle4Impl4InitENS0_6ConfigENS_9SaiHandleE
                0x080047e0       0x10 libDaisy/build\libdaisy.a(audio.o)
 .text._ZN5daisy13AnalogControl4InitEPtfbbf
                0x080047f0       0x3c libDaisy/build\libdaisy.a(ctrl.o)
                0x080047f0                daisy::AnalogControl::Init(unsigned short*, float, bool, bool, float)
 .text._ZN5daisy13AnalogControl7ProcessEv
                0x0800482c       0x48 libDaisy/build\libdaisy.a(ctrl.o)
                0x0800482c                daisy::AnalogControl::Process()
 .text._ZN5daisy7Encoder4InitE12dsy_gpio_pinS1_S1_f
                0x08004874       0x4c libDaisy/build\libdaisy.a(encoder.o)
                0x08004874                daisy::Encoder::Init(dsy_gpio_pin, dsy_gpio_pin, dsy_gpio_pin, float)
 .text._ZN5daisy7Encoder8DebounceEv
                0x080048c0       0x60 libDaisy/build\libdaisy.a(encoder.o)
                0x080048c0                daisy::Encoder::Debounce()
 .text._ZN5daisy6Switch4InitE12dsy_gpio_pinf
                0x08004920       0x28 libDaisy/build\libdaisy.a(switch.o)
                0x08004920                daisy::Switch::Init(dsy_gpio_pin, float)
 .text._ZN5daisy6Switch8DebounceEv
                0x08004948       0x48 libDaisy/build\libdaisy.a(switch.o)
                0x08004948                daisy::Switch::Debounce()
 .text._ZN5daisy16AdcChannelConfig10InitSingleE12dsy_gpio_pin
                0x08004990       0x1c libDaisy/build\libdaisy.a(adc.o)
                0x08004990                daisy::AdcChannelConfig::InitSingle(dsy_gpio_pin)
 .text._ZN5daisy9AdcHandle4InitEPNS_16AdcChannelConfigEjNS0_12OverSamplingE
                0x080049ac      0x3c8 libDaisy/build\libdaisy.a(adc.o)
                0x080049ac                daisy::AdcHandle::Init(daisy::AdcChannelConfig*, unsigned int, daisy::AdcHandle::OverSampling)
 .text._ZN5daisy9AdcHandle5StartEv
                0x08004d74       0x2c libDaisy/build\libdaisy.a(adc.o)
                0x08004d74                daisy::AdcHandle::Start()
 .text._ZNK5daisy9AdcHandle6GetPtrEh
                0x08004da0       0x14 libDaisy/build\libdaisy.a(adc.o)
                0x08004da0                daisy::AdcHandle::GetPtr(unsigned char) const
 .text.HAL_ADC_MspInit
                0x08004db4       0x98 libDaisy/build\libdaisy.a(adc.o)
                0x08004db4                HAL_ADC_MspInit
 .text.DMA1_Stream2_IRQHandler
                0x08004e4c        0xc libDaisy/build\libdaisy.a(adc.o)
                0x08004e4c                DMA1_Stream2_IRQHandler
 .text.HAL_ADC_ConvCpltCallback
                0x08004e58      0x148 libDaisy/build\libdaisy.a(adc.o)
                0x08004e58                HAL_ADC_ConvCpltCallback
 .text.HAL_ADC_ErrorCallback
                0x08004fa0        0x4 libDaisy/build\libdaisy.a(adc.o)
                0x08004fa0                HAL_ADC_ErrorCallback
 .text.HAL_DAC_MspInit
                0x08004fa4      0x15c libDaisy/build\libdaisy.a(dac.o)
                0x08004fa4                HAL_DAC_MspInit
 .text.DMA2_Stream0_IRQHandler
                0x08005100        0xc libDaisy/build\libdaisy.a(dac.o)
                0x08005100                DMA2_Stream0_IRQHandler
 .text.DMA2_Stream1_IRQHandler
                0x0800510c        0xc libDaisy/build\libdaisy.a(dac.o)
                0x0800510c                DMA2_Stream1_IRQHandler
 .text.TIM6_DAC_IRQHandler
                0x08005118       0x1c libDaisy/build\libdaisy.a(dac.o)
                0x08005118                TIM6_DAC_IRQHandler
 .text._ZN5daisy9DacHandle4InitERKNS0_6ConfigE
                0x08005134       0xfc libDaisy/build\libdaisy.a(dac.o)
                0x08005134                daisy::DacHandle::Init(daisy::DacHandle::Config const&)
 .text._ZN5daisy9DacHandle10WriteValueENS0_7ChannelEt
                0x08005230       0x70 libDaisy/build\libdaisy.a(dac.o)
                0x08005230                daisy::DacHandle::WriteValue(daisy::DacHandle::Channel, unsigned short)
 .text.dsy_gpio_init
                0x080052a0      0x1b8 libDaisy/build\libdaisy.a(gpio.o)
                0x080052a0                dsy_gpio_init
 .text.dsy_gpio_read
                0x08005458       0x1c libDaisy/build\libdaisy.a(gpio.o)
                0x08005458                dsy_gpio_read
 .text.dsy_gpio_write
                0x08005474       0x24 libDaisy/build\libdaisy.a(gpio.o)
                0x08005474                dsy_gpio_write
 .text._ZN5daisy9I2CHandle4Impl8InitPinsEv
                0x08005498       0x58 libDaisy/build\libdaisy.a(i2c.o)
                0x08005498                daisy::I2CHandle::Impl::InitPins()
 .text.HAL_I2C_MspInit
                0x080054f0      0x1b4 libDaisy/build\libdaisy.a(i2c.o)
                0x080054f0                HAL_I2C_MspInit
 .text.dsy_i2c_global_init
                0x080056a4       0x78 libDaisy/build\libdaisy.a(i2c.o)
                0x080056a4                dsy_i2c_global_init
 .text.DMA1_Stream6_IRQHandler
                0x0800571c       0x34 libDaisy/build\libdaisy.a(i2c.o)
                0x0800571c                DMA1_Stream6_IRQHandler
 .text.I2C1_EV_IRQHandler
                0x08005750        0xc libDaisy/build\libdaisy.a(i2c.o)
                0x08005750                I2C1_EV_IRQHandler
 .text.I2C2_EV_IRQHandler
                0x0800575c        0xc libDaisy/build\libdaisy.a(i2c.o)
                0x0800575c                I2C2_EV_IRQHandler
 .text.I2C3_EV_IRQHandler
                0x08005768        0xc libDaisy/build\libdaisy.a(i2c.o)
                0x08005768                I2C3_EV_IRQHandler
 .text._ZN5daisy9I2CHandle4InitERKNS0_6ConfigE
                0x08005774      0x12c libDaisy/build\libdaisy.a(i2c.o)
                0x08005774                daisy::I2CHandle::Init(daisy::I2CHandle::Config const&)
 .text._ZN5daisy9I2CHandle16TransmitBlockingEtPhtm
                0x080058a0       0x50 libDaisy/build\libdaisy.a(i2c.o)
                0x080058a0                daisy::I2CHandle::TransmitBlocking(unsigned short, unsigned char*, unsigned short, unsigned long)
 .text.startup._GLOBAL__sub_I__ZN5daisy9I2CHandle4Impl10GlobalInitEv
                0x080058f0       0x18 libDaisy/build\libdaisy.a(i2c.o)
 .text._ZN5daisy10QSPIHandle4Impl11WriteEnableEv
                0x08005908       0x8c libDaisy/build\libdaisy.a(qspi.o)
                0x08005908                daisy::QSPIHandle::Impl::WriteEnable()
 *fill*         0x08005994        0x4 
 .text._ZN5daisy10QSPIHandle4Impl17DummyCyclesConfigENS0_6Config6DeviceE
                0x08005998      0x118 libDaisy/build\libdaisy.a(qspi.o)
                0x08005998                daisy::QSPIHandle::Impl::DummyCyclesConfig(daisy::QSPIHandle::Config::Device)
 .text._ZN5daisy10QSPIHandle4Impl10QuadEnableEv
                0x08005ab0      0x158 libDaisy/build\libdaisy.a(qspi.o)
                0x08005ab0                daisy::QSPIHandle::Impl::QuadEnable()
 .text._ZN5daisy10QSPIHandle4InitERKNS0_6ConfigE
                0x08005c08      0x198 libDaisy/build\libdaisy.a(qspi.o)
                0x08005c08                daisy::QSPIHandle::Init(daisy::QSPIHandle::Config const&)
 .text.HAL_QSPI_MspInit
                0x08005da0      0x11c libDaisy/build\libdaisy.a(qspi.o)
                0x08005da0                HAL_QSPI_MspInit
 .text.HAL_QSPI_MspDeInit
                0x08005ebc       0x54 libDaisy/build\libdaisy.a(qspi.o)
                0x08005ebc                HAL_QSPI_MspDeInit
 .text.QUADSPI_IRQHandler
                0x08005f10        0xc libDaisy/build\libdaisy.a(qspi.o)
                0x08005f10                QUADSPI_IRQHandler
 .text.startup._GLOBAL__sub_I__ZN5daisy10QSPIHandle4Impl4InitERKNS0_6ConfigE
                0x08005f1c       0x28 libDaisy/build\libdaisy.a(qspi.o)
 .text._ZN5daisy9SaiHandle4Impl7InitDmaENS1_15PeripheralBlockE
                0x08005f44       0xa0 libDaisy/build\libdaisy.a(sai.o)
                0x08005f44                daisy::SaiHandle::Impl::InitDma(daisy::SaiHandle::Impl::PeripheralBlock)
 .text._ZN5daisy9SaiHandle4Impl8InitPinsEv
                0x08005fe4       0xa8 libDaisy/build\libdaisy.a(sai.o)
                0x08005fe4                daisy::SaiHandle::Impl::InitPins()
 .text.HAL_SAI_MspInit
                0x0800608c      0x164 libDaisy/build\libdaisy.a(sai.o)
                0x0800608c                HAL_SAI_MspInit
 .text.DMA1_Stream0_IRQHandler
                0x080061f0        0xc libDaisy/build\libdaisy.a(sai.o)
                0x080061f0                DMA1_Stream0_IRQHandler
 .text.DMA1_Stream1_IRQHandler
                0x080061fc        0xc libDaisy/build\libdaisy.a(sai.o)
                0x080061fc                DMA1_Stream1_IRQHandler
 .text.DMA1_Stream3_IRQHandler
                0x08006208        0xc libDaisy/build\libdaisy.a(sai.o)
                0x08006208                DMA1_Stream3_IRQHandler
 .text.DMA1_Stream4_IRQHandler
                0x08006214        0xc libDaisy/build\libdaisy.a(sai.o)
                0x08006214                DMA1_Stream4_IRQHandler
 .text.HAL_SAI_RxHalfCpltCallback
                0x08006220       0x78 libDaisy/build\libdaisy.a(sai.o)
                0x08006220                HAL_SAI_RxHalfCpltCallback
 .text.HAL_SAI_RxCpltCallback
                0x08006298       0x70 libDaisy/build\libdaisy.a(sai.o)
                0x08006298                HAL_SAI_RxCpltCallback
 .text._ZN5daisy9SaiHandle4InitERKNS0_6ConfigE
                0x08006308      0x1f0 libDaisy/build\libdaisy.a(sai.o)
                0x08006308                daisy::SaiHandle::Init(daisy::SaiHandle::Config const&)
 .text._ZNK5daisy9SaiHandle9GetConfigEv
                0x080064f8        0x4 libDaisy/build\libdaisy.a(sai.o)
                0x080064f8                daisy::SaiHandle::GetConfig() const
 .text._ZN5daisy9SaiHandle8StartDmaEPlS1_jPFvS1_S1_jE
                0x080064fc       0xbc libDaisy/build\libdaisy.a(sai.o)
                0x080064fc                daisy::SaiHandle::StartDma(long*, long*, unsigned int, void (*)(long*, long*, unsigned int))
 .text._ZN5daisy9SaiHandle13GetSampleRateEv
                0x080065b8       0x24 libDaisy/build\libdaisy.a(sai.o)
                0x080065b8                daisy::SaiHandle::GetSampleRate()
 .text._ZNK5daisy9SaiHandle9GetOffsetEv
                0x080065dc        0x8 libDaisy/build\libdaisy.a(sai.o)
                0x080065dc                daisy::SaiHandle::GetOffset() const
 .text._ZN5daisy12SdmmcHandler4InitERKNS0_6ConfigE
                0x080065e4       0x80 libDaisy/build\libdaisy.a(sdmmc.o)
                0x080065e4                daisy::SdmmcHandler::Init(daisy::SdmmcHandler::Config const&)
 .text.SDMMC1_IRQHandler
                0x08006664        0xc libDaisy/build\libdaisy.a(sdmmc.o)
                0x08006664                SDMMC1_IRQHandler
 .text._ZN5daisy11UartHandler4Impl8InitPinsEv
                0x08006670      0x15c libDaisy/build\libdaisy.a(uart.o)
                0x08006670                daisy::UartHandler::Impl::InitPins()
 .text._ZN5daisy11UartHandler4Impl14UARTRxCompleteEv
                0x080067cc       0xfc libDaisy/build\libdaisy.a(uart.o)
                0x080067cc                daisy::UartHandler::Impl::UARTRxComplete()
 .text.HAL_UART_ErrorCallback
                0x080068c8       0x94 libDaisy/build\libdaisy.a(uart.o)
                0x080068c8                HAL_UART_ErrorCallback
 .text.HAL_UART_MspInit
                0x0800695c      0x28c libDaisy/build\libdaisy.a(uart.o)
                0x0800695c                HAL_UART_MspInit
 .text.USART1_IRQHandler
                0x08006be8       0xa8 libDaisy/build\libdaisy.a(uart.o)
                0x08006be8                USART1_IRQHandler
 .text.USART2_IRQHandler
                0x08006c90       0xac libDaisy/build\libdaisy.a(uart.o)
                0x08006c90                USART2_IRQHandler
 .text.USART3_IRQHandler
                0x08006d3c       0xac libDaisy/build\libdaisy.a(uart.o)
                0x08006d3c                USART3_IRQHandler
 .text.UART4_IRQHandler
                0x08006de8       0xac libDaisy/build\libdaisy.a(uart.o)
                0x08006de8                UART4_IRQHandler
 .text.UART5_IRQHandler
                0x08006e94       0xac libDaisy/build\libdaisy.a(uart.o)
                0x08006e94                UART5_IRQHandler
 .text.USART6_IRQHandler
                0x08006f40       0xac libDaisy/build\libdaisy.a(uart.o)
                0x08006f40                USART6_IRQHandler
 .text.UART7_IRQHandler
                0x08006fec       0xac libDaisy/build\libdaisy.a(uart.o)
                0x08006fec                UART7_IRQHandler
 .text.UART8_IRQHandler
                0x08007098       0xac libDaisy/build\libdaisy.a(uart.o)
                0x08007098                UART8_IRQHandler
 .text.LPUART1_IRQHandler
                0x08007144       0xb4 libDaisy/build\libdaisy.a(uart.o)
                0x08007144                LPUART1_IRQHandler
 .text.DMA1_Stream5_IRQHandler
                0x080071f8        0xc libDaisy/build\libdaisy.a(uart.o)
                0x080071f8                DMA1_Stream5_IRQHandler
 .text._ZN5daisy11UartHandler4InitERKNS0_6ConfigE
                0x08007204      0x104 libDaisy/build\libdaisy.a(uart.o)
                0x08007204                daisy::UartHandler::Init(daisy::UartHandler::Config const&)
 .text.startup._GLOBAL__sub_I__Z19MapInstanceToHandleP13USART_TypeDef
                0x08007308      0x140 libDaisy/build\libdaisy.a(uart.o)
 .text._ZN5daisy11TimerHandleD2Ev
                0x08007448        0x4 libDaisy/build\libdaisy.a(system.o)
                0x08007448                daisy::TimerHandle::~TimerHandle()
                0x08007448                daisy::TimerHandle::~TimerHandle()
 .text.SysTick_Handler
                0x0800744c       0x10 libDaisy/build\libdaisy.a(system.o)
                0x0800744c                SysTick_Handler
 .text.OTG_HS_EP1_OUT_IRQHandler
                0x0800745c       0x24 libDaisy/build\libdaisy.a(system.o)
                0x0800745c                OTG_HS_EP1_OUT_IRQHandler
 .text.OTG_HS_EP1_IN_IRQHandler
                0x08007480       0x24 libDaisy/build\libdaisy.a(system.o)
                0x08007480                OTG_HS_EP1_IN_IRQHandler
 .text.OTG_HS_IRQHandler
                0x080074a4       0x24 libDaisy/build\libdaisy.a(system.o)
                0x080074a4                OTG_HS_IRQHandler
 .text.HardFault_Handler
                0x080074c8       0xe0 libDaisy/build\libdaisy.a(system.o)
                0x080074c8                HardFault_Handler
 .text._ZN5daisy6System6GetNowEv
                0x080075a8        0x4 libDaisy/build\libdaisy.a(system.o)
                0x080075a8                daisy::System::GetNow()
 .text._ZN5daisy6System5DelayEm
                0x080075ac        0x4 libDaisy/build\libdaisy.a(system.o)
                0x080075ac                daisy::System::Delay(unsigned long)
 .text._ZN5daisy6System15ConfigureClocksEv
                0x080075b0      0x194 libDaisy/build\libdaisy.a(system.o)
                0x080075b0                daisy::System::ConfigureClocks()
 .text._ZN5daisy6System4InitERKNS0_6ConfigE
                0x08007744      0x12c libDaisy/build\libdaisy.a(system.o)
                0x08007744                daisy::System::Init(daisy::System::Config const&)
 .text._ZN5daisy6System12GetPClk1FreqEv
                0x08007870        0x4 libDaisy/build\libdaisy.a(system.o)
                0x08007870                daisy::System::GetPClk1Freq()
 .text._ZN5daisy6System12GetPClk2FreqEv
                0x08007874        0x4 libDaisy/build\libdaisy.a(system.o)
                0x08007874                daisy::System::GetPClk2Freq()
 .text._ZN5daisy6System22GetProgramMemoryRegionEv
                0x08007878       0x78 libDaisy/build\libdaisy.a(system.o)
                0x08007878                daisy::System::GetProgramMemoryRegion()
 .text.startup._GLOBAL__sub_I_SysTick_Handler
                0x080078f0       0x1c libDaisy/build\libdaisy.a(system.o)
 .text.SystemInit
                0x0800790c       0x9c libDaisy/build\libdaisy.a(system_stm32h7xx.o)
                0x0800790c                SystemInit
 .text.HAL_PCD_SetupStageCallback
                0x080079a8        0xc libDaisy/build\libdaisy.a(usbd_conf.o)
                0x080079a8                HAL_PCD_SetupStageCallback
 .text.HAL_PCD_DataOutStageCallback
                0x080079b4       0x14 libDaisy/build\libdaisy.a(usbd_conf.o)
                0x080079b4                HAL_PCD_DataOutStageCallback
 .text.HAL_PCD_DataInStageCallback
                0x080079c8       0x14 libDaisy/build\libdaisy.a(usbd_conf.o)
                0x080079c8                HAL_PCD_DataInStageCallback
 .text.HAL_PCD_SOFCallback
                0x080079dc        0x8 libDaisy/build\libdaisy.a(usbd_conf.o)
                0x080079dc                HAL_PCD_SOFCallback
 .text.HAL_PCD_ResetCallback
                0x080079e4       0x24 libDaisy/build\libdaisy.a(usbd_conf.o)
                0x080079e4                HAL_PCD_ResetCallback
 .text.HAL_PCD_SuspendCallback
                0x08007a08       0x30 libDaisy/build\libdaisy.a(usbd_conf.o)
                0x08007a08                HAL_PCD_SuspendCallback
 .text.HAL_PCD_ResumeCallback
                0x08007a38        0x8 libDaisy/build\libdaisy.a(usbd_conf.o)
                0x08007a38                HAL_PCD_ResumeCallback
 .text.HAL_PCD_ISOOUTIncompleteCallback
                0x08007a40        0x8 libDaisy/build\libdaisy.a(usbd_conf.o)
                0x08007a40                HAL_PCD_ISOOUTIncompleteCallback
 .text.HAL_PCD_ISOINIncompleteCallback
                0x08007a48        0x8 libDaisy/build\libdaisy.a(usbd_conf.o)
                0x08007a48                HAL_PCD_ISOINIncompleteCallback
 .text.HAL_PCD_ConnectCallback
                0x08007a50        0x8 libDaisy/build\libdaisy.a(usbd_conf.o)
                0x08007a50                HAL_PCD_ConnectCallback
 .text.HAL_PCD_DisconnectCallback
                0x08007a58        0x8 libDaisy/build\libdaisy.a(usbd_conf.o)
                0x08007a58                HAL_PCD_DisconnectCallback
 .text.USBD_LL_OpenEP
                0x08007a60       0x24 libDaisy/build\libdaisy.a(usbd_conf.o)
                0x08007a60                USBD_LL_OpenEP
 .text.USBD_LL_StallEP
                0x08007a84       0x1c libDaisy/build\libdaisy.a(usbd_conf.o)
                0x08007a84                USBD_LL_StallEP
 .text.USBD_LL_ClearStallEP
                0x08007aa0       0x1c libDaisy/build\libdaisy.a(usbd_conf.o)
                0x08007aa0                USBD_LL_ClearStallEP
 .text.USBD_LL_IsStallEP
                0x08007abc       0x28 libDaisy/build\libdaisy.a(usbd_conf.o)
                0x08007abc                USBD_LL_IsStallEP
 .text.USBD_LL_SetUSBAddress
                0x08007ae4       0x1c libDaisy/build\libdaisy.a(usbd_conf.o)
                0x08007ae4                USBD_LL_SetUSBAddress
 .text.USBD_LL_Transmit
                0x08007b00       0x1c libDaisy/build\libdaisy.a(usbd_conf.o)
                0x08007b00                USBD_LL_Transmit
 .text.USBD_LL_PrepareReceive
                0x08007b1c       0x1c libDaisy/build\libdaisy.a(usbd_conf.o)
                0x08007b1c                USBD_LL_PrepareReceive
 .text.HAL_HCD_SOF_Callback
                0x08007b38        0x8 libDaisy/build\libdaisy.a(usbh_conf.o)
                0x08007b38                HAL_HCD_SOF_Callback
 .text.HAL_HCD_Connect_Callback
                0x08007b40        0x8 libDaisy/build\libdaisy.a(usbh_conf.o)
                0x08007b40                HAL_HCD_Connect_Callback
 .text.HAL_HCD_Disconnect_Callback
                0x08007b48        0x8 libDaisy/build\libdaisy.a(usbh_conf.o)
                0x08007b48                HAL_HCD_Disconnect_Callback
 .text.HAL_HCD_HC_NotifyURBChange_Callback
                0x08007b50        0x4 libDaisy/build\libdaisy.a(usbh_conf.o)
                0x08007b50                HAL_HCD_HC_NotifyURBChange_Callback
 .text.HAL_HCD_PortEnabled_Callback
                0x08007b54        0x8 libDaisy/build\libdaisy.a(usbh_conf.o)
                0x08007b54                HAL_HCD_PortEnabled_Callback
 .text.HAL_HCD_PortDisabled_Callback
                0x08007b5c        0x8 libDaisy/build\libdaisy.a(usbh_conf.o)
                0x08007b5c                HAL_HCD_PortDisabled_Callback
 .text.USBH_LL_Stop
                0x08007b64       0x1c libDaisy/build\libdaisy.a(usbh_conf.o)
                0x08007b64                USBH_LL_Stop
 .text.dsy_hal_map_get_port
                0x08007b80       0x10 libDaisy/build\libdaisy.a(hal_map.o)
                0x08007b80                dsy_hal_map_get_port
 .text.dsy_hal_map_get_pin
                0x08007b90       0x10 libDaisy/build\libdaisy.a(hal_map.o)
                0x08007b90                dsy_hal_map_get_pin
 .text.dsy_hal_map_gpio_clk_enable
                0x08007ba0      0x150 libDaisy/build\libdaisy.a(hal_map.o)
                0x08007ba0                dsy_hal_map_gpio_clk_enable
 .text.HAL_MspInit
                0x08007cf0        0x4 libDaisy/build\libdaisy.a(stm32h7xx_hal.o)
                0x08007cf0                HAL_MspInit
 .text.HAL_InitTick
                0x08007cf4       0x4c libDaisy/build\libdaisy.a(stm32h7xx_hal.o)
                0x08007cf4                HAL_InitTick
 .text.HAL_Init
                0x08007d40       0x60 libDaisy/build\libdaisy.a(stm32h7xx_hal.o)
                0x08007d40                HAL_Init
 .text.HAL_IncTick
                0x08007da0       0x18 libDaisy/build\libdaisy.a(stm32h7xx_hal.o)
                0x08007da0                HAL_IncTick
 .text.HAL_GetTick
                0x08007db8        0xc libDaisy/build\libdaisy.a(stm32h7xx_hal.o)
                0x08007db8                HAL_GetTick
 .text.HAL_Delay
                0x08007dc4       0x24 libDaisy/build\libdaisy.a(stm32h7xx_hal.o)
                0x08007dc4                HAL_Delay
 .text.HAL_GetREVID
                0x08007de8        0xc libDaisy/build\libdaisy.a(stm32h7xx_hal.o)
                0x08007de8                HAL_GetREVID
 .text.HAL_ADC_ConvHalfCpltCallback
                0x08007df4        0x4 libDaisy/build\libdaisy.a(stm32h7xx_hal_adc.o)
                0x08007df4                HAL_ADC_ConvHalfCpltCallback
 .text.ADC_DMAHalfConvCplt
                0x08007df8        0xc libDaisy/build\libdaisy.a(stm32h7xx_hal_adc.o)
                0x08007df8                ADC_DMAHalfConvCplt
 .text.ADC_DMAConvCplt
                0x08007e04       0x6c libDaisy/build\libdaisy.a(stm32h7xx_hal_adc.o)
                0x08007e04                ADC_DMAConvCplt
 .text.ADC_DMAError
                0x08007e70       0x1c libDaisy/build\libdaisy.a(stm32h7xx_hal_adc.o)
                0x08007e70                ADC_DMAError
 .text.HAL_ADC_ConfigChannel
                0x08007e8c      0x3fc libDaisy/build\libdaisy.a(stm32h7xx_hal_adc.o)
                0x08007e8c                HAL_ADC_ConfigChannel
 .text.ADC_Enable
                0x08008288       0xac libDaisy/build\libdaisy.a(stm32h7xx_hal_adc.o)
                0x08008288                ADC_Enable
 .text.HAL_ADC_Start_DMA
                0x08008334      0x114 libDaisy/build\libdaisy.a(stm32h7xx_hal_adc.o)
                0x08008334                HAL_ADC_Start_DMA
 .text.ADC_Disable
                0x08008448       0x68 libDaisy/build\libdaisy.a(stm32h7xx_hal_adc.o)
                0x08008448                ADC_Disable
 .text.ADC_ConfigureBoostMode
                0x080084b0      0x184 libDaisy/build\libdaisy.a(stm32h7xx_hal_adc.o)
                0x080084b0                ADC_ConfigureBoostMode
 .text.HAL_ADC_Init
                0x08008634      0x218 libDaisy/build\libdaisy.a(stm32h7xx_hal_adc.o)
                0x08008634                HAL_ADC_Init
 .text.HAL_ADCEx_Calibration_Start
                0x0800884c       0xa4 libDaisy/build\libdaisy.a(stm32h7xx_hal_adc_ex.o)
                0x0800884c                HAL_ADCEx_Calibration_Start
 .text.HAL_ADCEx_MultiModeConfigChannel
                0x080088f0       0xc4 libDaisy/build\libdaisy.a(stm32h7xx_hal_adc_ex.o)
                0x080088f0                HAL_ADCEx_MultiModeConfigChannel
 .text.HAL_NVIC_SetPriorityGrouping
                0x080089b4       0x24 libDaisy/build\libdaisy.a(stm32h7xx_hal_cortex.o)
                0x080089b4                HAL_NVIC_SetPriorityGrouping
 .text.HAL_NVIC_SetPriority
                0x080089d8       0x7c libDaisy/build\libdaisy.a(stm32h7xx_hal_cortex.o)
                0x080089d8                HAL_NVIC_SetPriority
 .text.HAL_NVIC_EnableIRQ
                0x08008a54       0x1c libDaisy/build\libdaisy.a(stm32h7xx_hal_cortex.o)
                0x08008a54                HAL_NVIC_EnableIRQ
 .text.HAL_NVIC_DisableIRQ
                0x08008a70       0x28 libDaisy/build\libdaisy.a(stm32h7xx_hal_cortex.o)
                0x08008a70                HAL_NVIC_DisableIRQ
 .text.HAL_SYSTICK_Config
                0x08008a98       0x2c libDaisy/build\libdaisy.a(stm32h7xx_hal_cortex.o)
                0x08008a98                HAL_SYSTICK_Config
 .text.HAL_MPU_Disable
                0x08008ac4       0x1c libDaisy/build\libdaisy.a(stm32h7xx_hal_cortex.o)
                0x08008ac4                HAL_MPU_Disable
 .text.HAL_MPU_Enable
                0x08008ae0       0x20 libDaisy/build\libdaisy.a(stm32h7xx_hal_cortex.o)
                0x08008ae0                HAL_MPU_Enable
 .text.HAL_MPU_ConfigRegion
                0x08008b00       0x64 libDaisy/build\libdaisy.a(stm32h7xx_hal_cortex.o)
                0x08008b00                HAL_MPU_ConfigRegion
 .text.HAL_SYSTICK_Callback
                0x08008b64        0x4 libDaisy/build\libdaisy.a(stm32h7xx_hal_cortex.o)
                0x08008b64                HAL_SYSTICK_Callback
 .text.HAL_SYSTICK_IRQHandler
                0x08008b68        0x8 libDaisy/build\libdaisy.a(stm32h7xx_hal_cortex.o)
                0x08008b68                HAL_SYSTICK_IRQHandler
 .text.HAL_DAC_Init
                0x08008b70       0x2c libDaisy/build\libdaisy.a(stm32h7xx_hal_dac.o)
                0x08008b70                HAL_DAC_Init
 .text.HAL_DAC_Start
                0x08008b9c       0x5c libDaisy/build\libdaisy.a(stm32h7xx_hal_dac.o)
                0x08008b9c                HAL_DAC_Start
 .text.HAL_DAC_SetValue
                0x08008bf8       0x30 libDaisy/build\libdaisy.a(stm32h7xx_hal_dac.o)
                0x08008bf8                HAL_DAC_SetValue
 .text.HAL_DAC_DMAUnderrunCallbackCh1
                0x08008c28        0x4 libDaisy/build\libdaisy.a(stm32h7xx_hal_dac.o)
                0x08008c28                HAL_DAC_DMAUnderrunCallbackCh1
 .text.HAL_DAC_IRQHandler
                0x08008c2c       0x68 libDaisy/build\libdaisy.a(stm32h7xx_hal_dac.o)
                0x08008c2c                HAL_DAC_IRQHandler
 .text.HAL_DAC_ConfigChannel
                0x08008c94      0x130 libDaisy/build\libdaisy.a(stm32h7xx_hal_dac.o)
                0x08008c94                HAL_DAC_ConfigChannel
 .text.HAL_DACEx_DMAUnderrunCallbackCh2
                0x08008dc4        0x4 libDaisy/build\libdaisy.a(stm32h7xx_hal_dac_ex.o)
                0x08008dc4                HAL_DACEx_DMAUnderrunCallbackCh2
 .text.DMA_CalcBaseAndBitshift
                0x08008dc8       0xf4 libDaisy/build\libdaisy.a(stm32h7xx_hal_dma.o)
 .text.DMA_CalcDMAMUXChannelBaseAndMask
                0x08008ebc       0xd8 libDaisy/build\libdaisy.a(stm32h7xx_hal_dma.o)
 .text.HAL_DMA_Init
                0x08008f94      0x37c libDaisy/build\libdaisy.a(stm32h7xx_hal_dma.o)
                0x08008f94                HAL_DMA_Init
 .text.HAL_DMA_Start_IT
                0x08009310      0x240 libDaisy/build\libdaisy.a(stm32h7xx_hal_dma.o)
                0x08009310                HAL_DMA_Start_IT
 .text.HAL_DMA_Abort_IT
                0x08009550      0x134 libDaisy/build\libdaisy.a(stm32h7xx_hal_dma.o)
                0x08009550                HAL_DMA_Abort_IT
 .text.HAL_DMA_IRQHandler
                0x08009684      0x6a0 libDaisy/build\libdaisy.a(stm32h7xx_hal_dma.o)
                0x08009684                HAL_DMA_IRQHandler
 .text.HAL_DMA_GetError
                0x08009d24        0x4 libDaisy/build\libdaisy.a(stm32h7xx_hal_dma.o)
                0x08009d24                HAL_DMA_GetError
 .text.HAL_GPIO_Init
                0x08009d28      0x280 libDaisy/build\libdaisy.a(stm32h7xx_hal_gpio.o)
                0x08009d28                HAL_GPIO_Init
 .text.HAL_GPIO_DeInit
                0x08009fa8      0x190 libDaisy/build\libdaisy.a(stm32h7xx_hal_gpio.o)
                0x08009fa8                HAL_GPIO_DeInit
 .text.HAL_GPIO_ReadPin
                0x0800a138        0xc libDaisy/build\libdaisy.a(stm32h7xx_hal_gpio.o)
                0x0800a138                HAL_GPIO_ReadPin
 .text.HAL_GPIO_WritePin
                0x0800a144        0x8 libDaisy/build\libdaisy.a(stm32h7xx_hal_gpio.o)
                0x0800a144                HAL_GPIO_WritePin
 .text.HAL_HCD_IRQHandler
                0x0800a14c      0x780 libDaisy/build\libdaisy.a(stm32h7xx_hal_hcd.o)
                0x0800a14c                HAL_HCD_IRQHandler
 .text.HAL_HCD_Stop
                0x0800a8cc       0x28 libDaisy/build\libdaisy.a(stm32h7xx_hal_hcd.o)
                0x0800a8cc                HAL_HCD_Stop
 .text.I2C_WaitOnTXISFlagUntilTimeout
                0x0800a8f4       0xb8 libDaisy/build\libdaisy.a(stm32h7xx_hal_i2c.o)
 .text.I2C_WaitOnSTOPFlagUntilTimeout
                0x0800a9ac       0xac libDaisy/build\libdaisy.a(stm32h7xx_hal_i2c.o)
 .text.HAL_I2C_Init
                0x0800aa58       0xac libDaisy/build\libdaisy.a(stm32h7xx_hal_i2c.o)
                0x0800aa58                HAL_I2C_Init
 .text.HAL_I2C_Master_Transmit
                0x0800ab04      0x1a8 libDaisy/build\libdaisy.a(stm32h7xx_hal_i2c.o)
                0x0800ab04                HAL_I2C_Master_Transmit
 .text.HAL_I2C_Slave_Transmit
                0x0800acac      0x1c8 libDaisy/build\libdaisy.a(stm32h7xx_hal_i2c.o)
                0x0800acac                HAL_I2C_Slave_Transmit
 .text.HAL_I2C_EV_IRQHandler
                0x0800ae74       0x10 libDaisy/build\libdaisy.a(stm32h7xx_hal_i2c.o)
                0x0800ae74                HAL_I2C_EV_IRQHandler
 .text.HAL_I2C_GetState
                0x0800ae84        0x8 libDaisy/build\libdaisy.a(stm32h7xx_hal_i2c.o)
                0x0800ae84                HAL_I2C_GetState
 .text.HAL_I2CEx_ConfigAnalogFilter
                0x0800ae8c       0x54 libDaisy/build\libdaisy.a(stm32h7xx_hal_i2c_ex.o)
                0x0800ae8c                HAL_I2CEx_ConfigAnalogFilter
 .text.HAL_I2CEx_ConfigDigitalFilter
                0x0800aee0       0x58 libDaisy/build\libdaisy.a(stm32h7xx_hal_i2c_ex.o)
                0x0800aee0                HAL_I2CEx_ConfigDigitalFilter
 .text.HAL_PCD_IRQHandler
                0x0800af38      0x69c libDaisy/build\libdaisy.a(stm32h7xx_hal_pcd.o)
                0x0800af38                HAL_PCD_IRQHandler
 .text.HAL_PCD_SetAddress
                0x0800b5d4       0x2c libDaisy/build\libdaisy.a(stm32h7xx_hal_pcd.o)
                0x0800b5d4                HAL_PCD_SetAddress
 .text.HAL_PCD_EP_Open
                0x0800b600       0x7c libDaisy/build\libdaisy.a(stm32h7xx_hal_pcd.o)
                0x0800b600                HAL_PCD_EP_Open
 .text.HAL_PCD_EP_Receive
                0x0800b67c       0x50 libDaisy/build\libdaisy.a(stm32h7xx_hal_pcd.o)
                0x0800b67c                HAL_PCD_EP_Receive
 .text.HAL_PCD_EP_Transmit
                0x0800b6cc       0x50 libDaisy/build\libdaisy.a(stm32h7xx_hal_pcd.o)
                0x0800b6cc                HAL_PCD_EP_Transmit
 .text.HAL_PCD_EP_SetStall
                0x0800b71c       0x88 libDaisy/build\libdaisy.a(stm32h7xx_hal_pcd.o)
                0x0800b71c                HAL_PCD_EP_SetStall
 .text.HAL_PCD_EP_ClrStall
                0x0800b7a4       0x78 libDaisy/build\libdaisy.a(stm32h7xx_hal_pcd.o)
                0x0800b7a4                HAL_PCD_EP_ClrStall
 .text.HAL_PCDEx_LPM_Callback
                0x0800b81c        0x4 libDaisy/build\libdaisy.a(stm32h7xx_hal_pcd_ex.o)
                0x0800b81c                HAL_PCDEx_LPM_Callback
 .text.HAL_PWREx_ConfigSupply
                0x0800b820       0x4c libDaisy/build\libdaisy.a(stm32h7xx_hal_pwr_ex.o)
                0x0800b820                HAL_PWREx_ConfigSupply
 .text.HAL_PWREx_EnableUSBVoltageDetector
                0x0800b86c       0x10 libDaisy/build\libdaisy.a(stm32h7xx_hal_pwr_ex.o)
                0x0800b86c                HAL_PWREx_EnableUSBVoltageDetector
 .text.QSPI_Config
                0x0800b87c      0x174 libDaisy/build\libdaisy.a(stm32h7xx_hal_qspi.o)
 .text.HAL_QSPI_Init
                0x0800b9f0       0xd8 libDaisy/build\libdaisy.a(stm32h7xx_hal_qspi.o)
                0x0800b9f0                HAL_QSPI_Init
 .text.HAL_QSPI_DeInit
                0x0800bac8       0x3c libDaisy/build\libdaisy.a(stm32h7xx_hal_qspi.o)
                0x0800bac8                HAL_QSPI_DeInit
 .text.HAL_QSPI_Command
                0x0800bb04       0xd4 libDaisy/build\libdaisy.a(stm32h7xx_hal_qspi.o)
                0x0800bb04                HAL_QSPI_Command
 .text.HAL_QSPI_Transmit
                0x0800bbd8       0xfc libDaisy/build\libdaisy.a(stm32h7xx_hal_qspi.o)
                0x0800bbd8                HAL_QSPI_Transmit
 .text.HAL_QSPI_Receive
                0x0800bcd4      0x108 libDaisy/build\libdaisy.a(stm32h7xx_hal_qspi.o)
                0x0800bcd4                HAL_QSPI_Receive
 .text.HAL_QSPI_AutoPolling
                0x0800bddc       0xf0 libDaisy/build\libdaisy.a(stm32h7xx_hal_qspi.o)
                0x0800bddc                HAL_QSPI_AutoPolling
 .text.HAL_QSPI_MemoryMapped
                0x0800becc       0xc0 libDaisy/build\libdaisy.a(stm32h7xx_hal_qspi.o)
                0x0800becc                HAL_QSPI_MemoryMapped
 .text.HAL_QSPI_ErrorCallback
                0x0800bf8c        0x4 libDaisy/build\libdaisy.a(stm32h7xx_hal_qspi.o)
                0x0800bf8c                HAL_QSPI_ErrorCallback
 .text.QSPI_DMAAbortCplt
                0x0800bf90       0x38 libDaisy/build\libdaisy.a(stm32h7xx_hal_qspi.o)
 .text.HAL_QSPI_AbortCpltCallback
                0x0800bfc8        0x4 libDaisy/build\libdaisy.a(stm32h7xx_hal_qspi.o)
                0x0800bfc8                HAL_QSPI_AbortCpltCallback
 .text.HAL_QSPI_CmdCpltCallback
                0x0800bfcc        0x4 libDaisy/build\libdaisy.a(stm32h7xx_hal_qspi.o)
                0x0800bfcc                HAL_QSPI_CmdCpltCallback
 .text.HAL_QSPI_RxCpltCallback
                0x0800bfd0        0x4 libDaisy/build\libdaisy.a(stm32h7xx_hal_qspi.o)
                0x0800bfd0                HAL_QSPI_RxCpltCallback
 .text.HAL_QSPI_TxCpltCallback
                0x0800bfd4        0x4 libDaisy/build\libdaisy.a(stm32h7xx_hal_qspi.o)
                0x0800bfd4                HAL_QSPI_TxCpltCallback
 .text.HAL_QSPI_FifoThresholdCallback
                0x0800bfd8        0x4 libDaisy/build\libdaisy.a(stm32h7xx_hal_qspi.o)
                0x0800bfd8                HAL_QSPI_FifoThresholdCallback
 .text.HAL_QSPI_StatusMatchCallback
                0x0800bfdc        0x4 libDaisy/build\libdaisy.a(stm32h7xx_hal_qspi.o)
                0x0800bfdc                HAL_QSPI_StatusMatchCallback
 .text.HAL_QSPI_TimeOutCallback
                0x0800bfe0        0x4 libDaisy/build\libdaisy.a(stm32h7xx_hal_qspi.o)
                0x0800bfe0                HAL_QSPI_TimeOutCallback
 .text.HAL_QSPI_IRQHandler
                0x0800bfe4      0x210 libDaisy/build\libdaisy.a(stm32h7xx_hal_qspi.o)
                0x0800bfe4                HAL_QSPI_IRQHandler
 .text.HAL_RCC_OscConfig
                0x0800c1f4      0x51c libDaisy/build\libdaisy.a(stm32h7xx_hal_rcc.o)
                0x0800c1f4                HAL_RCC_OscConfig
 .text.HAL_RCC_GetSysClockFreq
                0x0800c710      0x140 libDaisy/build\libdaisy.a(stm32h7xx_hal_rcc.o)
                0x0800c710                HAL_RCC_GetSysClockFreq
 .text.HAL_RCC_ClockConfig
                0x0800c850      0x234 libDaisy/build\libdaisy.a(stm32h7xx_hal_rcc.o)
                0x0800c850                HAL_RCC_ClockConfig
 .text.HAL_RCC_GetHCLKFreq
                0x0800ca84       0x2c libDaisy/build\libdaisy.a(stm32h7xx_hal_rcc.o)
                0x0800ca84                HAL_RCC_GetHCLKFreq
 .text.HAL_RCC_GetPCLK1Freq
                0x0800cab0       0x38 libDaisy/build\libdaisy.a(stm32h7xx_hal_rcc.o)
                0x0800cab0                HAL_RCC_GetPCLK1Freq
 .text.HAL_RCC_GetPCLK2Freq
                0x0800cae8       0x38 libDaisy/build\libdaisy.a(stm32h7xx_hal_rcc.o)
                0x0800cae8                HAL_RCC_GetPCLK2Freq
 .text.RCCEx_PLL2_Config
                0x0800cb20       0xf4 libDaisy/build\libdaisy.a(stm32h7xx_hal_rcc_ex.o)
 .text.RCCEx_PLL3_Config
                0x0800cc14       0xf4 libDaisy/build\libdaisy.a(stm32h7xx_hal_rcc_ex.o)
 .text.HAL_RCCEx_PeriphCLKConfig
                0x0800cd08      0xa7c libDaisy/build\libdaisy.a(stm32h7xx_hal_rcc_ex.o)
                0x0800cd08                HAL_RCCEx_PeriphCLKConfig
 .text.HAL_RCCEx_GetD3PCLK1Freq
                0x0800d784       0x24 libDaisy/build\libdaisy.a(stm32h7xx_hal_rcc_ex.o)
                0x0800d784                HAL_RCCEx_GetD3PCLK1Freq
 .text.HAL_RCCEx_GetPLL2ClockFreq
                0x0800d7a8      0x17c libDaisy/build\libdaisy.a(stm32h7xx_hal_rcc_ex.o)
                0x0800d7a8                HAL_RCCEx_GetPLL2ClockFreq
 .text.HAL_RCCEx_GetPLL3ClockFreq
                0x0800d924      0x17c libDaisy/build\libdaisy.a(stm32h7xx_hal_rcc_ex.o)
                0x0800d924                HAL_RCCEx_GetPLL3ClockFreq
 .text.HAL_RCCEx_GetPLL1ClockFreq
                0x0800daa0      0x17c libDaisy/build\libdaisy.a(stm32h7xx_hal_rcc_ex.o)
                0x0800daa0                HAL_RCCEx_GetPLL1ClockFreq
 .text.HAL_RCCEx_GetPeriphCLKFreq
                0x0800dc1c      0x198 libDaisy/build\libdaisy.a(stm32h7xx_hal_rcc_ex.o)
                0x0800dc1c                HAL_RCCEx_GetPeriphCLKFreq
 .text.HAL_RCCEx_GetD1SysClockFreq
                0x0800ddb4       0x2c libDaisy/build\libdaisy.a(stm32h7xx_hal_rcc_ex.o)
                0x0800ddb4                HAL_RCCEx_GetD1SysClockFreq
 .text.HAL_SAI_Init.part.0
                0x0800dde0      0x348 libDaisy/build\libdaisy.a(stm32h7xx_hal_sai.o)
 .text.HAL_SAI_InitProtocol
                0x0800e128      0x178 libDaisy/build\libdaisy.a(stm32h7xx_hal_sai.o)
                0x0800e128                HAL_SAI_InitProtocol
 .text.HAL_SAI_Transmit_DMA
                0x0800e2a0      0x124 libDaisy/build\libdaisy.a(stm32h7xx_hal_sai.o)
                0x0800e2a0                HAL_SAI_Transmit_DMA
 .text.HAL_SAI_Receive_DMA
                0x0800e3c4       0xd0 libDaisy/build\libdaisy.a(stm32h7xx_hal_sai.o)
                0x0800e3c4                HAL_SAI_Receive_DMA
 .text.HAL_SAI_TxCpltCallback
                0x0800e494        0x4 libDaisy/build\libdaisy.a(stm32h7xx_hal_sai.o)
                0x0800e494                HAL_SAI_TxCpltCallback
 .text.SAI_DMATxCplt
                0x0800e498       0x64 libDaisy/build\libdaisy.a(stm32h7xx_hal_sai.o)
 .text.HAL_SAI_TxHalfCpltCallback
                0x0800e4fc        0x4 libDaisy/build\libdaisy.a(stm32h7xx_hal_sai.o)
                0x0800e4fc                HAL_SAI_TxHalfCpltCallback
 .text.SAI_DMATxHalfCplt
                0x0800e500        0xc libDaisy/build\libdaisy.a(stm32h7xx_hal_sai.o)
 .text.SAI_DMARxCplt
                0x0800e50c       0x64 libDaisy/build\libdaisy.a(stm32h7xx_hal_sai.o)
 .text.SAI_DMARxHalfCplt
                0x0800e570        0xc libDaisy/build\libdaisy.a(stm32h7xx_hal_sai.o)
 .text.HAL_SAI_ErrorCallback
                0x0800e57c        0x4 libDaisy/build\libdaisy.a(stm32h7xx_hal_sai.o)
                0x0800e57c                HAL_SAI_ErrorCallback
 .text.SAI_DMAError
                0x0800e580       0x6c libDaisy/build\libdaisy.a(stm32h7xx_hal_sai.o)
 .text.HAL_SD_TxCpltCallback
                0x0800e5ec        0x4 libDaisy/build\libdaisy.a(stm32h7xx_hal_sd.o)
                0x0800e5ec                HAL_SD_TxCpltCallback
 .text.HAL_SD_RxCpltCallback
                0x0800e5f0        0x4 libDaisy/build\libdaisy.a(stm32h7xx_hal_sd.o)
                0x0800e5f0                HAL_SD_RxCpltCallback
 .text.HAL_SD_ErrorCallback
                0x0800e5f4        0x4 libDaisy/build\libdaisy.a(stm32h7xx_hal_sd.o)
                0x0800e5f4                HAL_SD_ErrorCallback
 .text.HAL_SDEx_Read_DMADoubleBuf0CpltCallback
                0x0800e5f8        0x4 libDaisy/build\libdaisy.a(stm32h7xx_hal_sd.o)
                0x0800e5f8                HAL_SDEx_Read_DMADoubleBuf0CpltCallback
 .text.HAL_SDEx_Read_DMADoubleBuf1CpltCallback
                0x0800e5fc        0x4 libDaisy/build\libdaisy.a(stm32h7xx_hal_sd.o)
                0x0800e5fc                HAL_SDEx_Read_DMADoubleBuf1CpltCallback
 .text.HAL_SDEx_Write_DMADoubleBuf0CpltCallback
                0x0800e600        0x4 libDaisy/build\libdaisy.a(stm32h7xx_hal_sd.o)
                0x0800e600                HAL_SDEx_Write_DMADoubleBuf0CpltCallback
 .text.HAL_SDEx_Write_DMADoubleBuf1CpltCallback
                0x0800e604        0x4 libDaisy/build\libdaisy.a(stm32h7xx_hal_sd.o)
                0x0800e604                HAL_SDEx_Write_DMADoubleBuf1CpltCallback
 .text.HAL_SD_IRQHandler
                0x0800e608      0x248 libDaisy/build\libdaisy.a(stm32h7xx_hal_sd.o)
                0x0800e608                HAL_SD_IRQHandler
 .text.HAL_SDRAM_Init
                0x0800e850       0x54 libDaisy/build\libdaisy.a(stm32h7xx_hal_sdram.o)
                0x0800e850                HAL_SDRAM_Init
 .text.HAL_SDRAM_SendCommand
                0x0800e8a4       0x40 libDaisy/build\libdaisy.a(stm32h7xx_hal_sdram.o)
                0x0800e8a4                HAL_SDRAM_SendCommand
 .text.HAL_SDRAM_ProgramRefreshRate
                0x0800e8e4       0x30 libDaisy/build\libdaisy.a(stm32h7xx_hal_sdram.o)
                0x0800e8e4                HAL_SDRAM_ProgramRefreshRate
 .text.HAL_TIM_Base_Init
                0x0800e914      0x140 libDaisy/build\libdaisy.a(stm32h7xx_hal_tim.o)
                0x0800e914                HAL_TIM_Base_Init
 .text.HAL_TIM_Base_Start
                0x0800ea54       0x34 libDaisy/build\libdaisy.a(stm32h7xx_hal_tim.o)
                0x0800ea54                HAL_TIM_Base_Start
 .text.HAL_TIM_ConfigClockSource
                0x0800ea88      0x17c libDaisy/build\libdaisy.a(stm32h7xx_hal_tim.o)
                0x0800ea88                HAL_TIM_ConfigClockSource
 .text.HAL_TIM_PeriodElapsedCallback
                0x0800ec04        0x4 libDaisy/build\libdaisy.a(stm32h7xx_hal_tim.o)
                0x0800ec04                HAL_TIM_PeriodElapsedCallback
 .text.HAL_TIM_OC_DelayElapsedCallback
                0x0800ec08        0x4 libDaisy/build\libdaisy.a(stm32h7xx_hal_tim.o)
                0x0800ec08                HAL_TIM_OC_DelayElapsedCallback
 .text.HAL_TIM_IC_CaptureCallback
                0x0800ec0c        0x4 libDaisy/build\libdaisy.a(stm32h7xx_hal_tim.o)
                0x0800ec0c                HAL_TIM_IC_CaptureCallback
 .text.HAL_TIM_PWM_PulseFinishedCallback
                0x0800ec10        0x4 libDaisy/build\libdaisy.a(stm32h7xx_hal_tim.o)
                0x0800ec10                HAL_TIM_PWM_PulseFinishedCallback
 .text.HAL_TIM_TriggerCallback
                0x0800ec14        0x4 libDaisy/build\libdaisy.a(stm32h7xx_hal_tim.o)
                0x0800ec14                HAL_TIM_TriggerCallback
 .text.HAL_TIM_IRQHandler
                0x0800ec18      0x170 libDaisy/build\libdaisy.a(stm32h7xx_hal_tim.o)
                0x0800ec18                HAL_TIM_IRQHandler
 .text.HAL_TIMEx_MasterConfigSynchronization
                0x0800ed88       0x64 libDaisy/build\libdaisy.a(stm32h7xx_hal_tim_ex.o)
                0x0800ed88                HAL_TIMEx_MasterConfigSynchronization
 .text.HAL_TIMEx_CommutCallback
                0x0800edec        0x4 libDaisy/build\libdaisy.a(stm32h7xx_hal_tim_ex.o)
                0x0800edec                HAL_TIMEx_CommutCallback
 .text.HAL_TIMEx_BreakCallback
                0x0800edf0        0x4 libDaisy/build\libdaisy.a(stm32h7xx_hal_tim_ex.o)
                0x0800edf0                HAL_TIMEx_BreakCallback
 .text.HAL_TIMEx_Break2Callback
                0x0800edf4        0x4 libDaisy/build\libdaisy.a(stm32h7xx_hal_tim_ex.o)
                0x0800edf4                HAL_TIMEx_Break2Callback
 .text.HAL_UART_TxCpltCallback
                0x0800edf8        0x4 libDaisy/build\libdaisy.a(stm32h7xx_hal_uart.o)
                0x0800edf8                HAL_UART_TxCpltCallback
 .text.HAL_UART_IRQHandler
                0x0800edfc      0x1d0 libDaisy/build\libdaisy.a(stm32h7xx_hal_uart.o)
                0x0800edfc                HAL_UART_IRQHandler
 .text.UART_DMAAbortOnError
                0x0800efcc       0x14 libDaisy/build\libdaisy.a(stm32h7xx_hal_uart.o)
 .text.UART_SetConfig
                0x0800efe0     0x14b8 libDaisy/build\libdaisy.a(stm32h7xx_hal_uart.o)
                0x0800efe0                UART_SetConfig
 .text.UART_AdvFeatureConfig
                0x08010498       0xb0 libDaisy/build\libdaisy.a(stm32h7xx_hal_uart.o)
                0x08010498                UART_AdvFeatureConfig
 .text.UART_CheckIdleState
                0x08010548       0x84 libDaisy/build\libdaisy.a(stm32h7xx_hal_uart.o)
                0x08010548                UART_CheckIdleState
 .text.HAL_UART_Init
                0x080105cc       0x68 libDaisy/build\libdaisy.a(stm32h7xx_hal_uart.o)
                0x080105cc                HAL_UART_Init
 .text.HAL_UARTEx_WakeupCallback
                0x08010634        0x4 libDaisy/build\libdaisy.a(stm32h7xx_hal_uart_ex.o)
                0x08010634                HAL_UARTEx_WakeupCallback
 .text.HAL_UARTEx_RxFifoFullCallback
                0x08010638        0x4 libDaisy/build\libdaisy.a(stm32h7xx_hal_uart_ex.o)
                0x08010638                HAL_UARTEx_RxFifoFullCallback
 .text.HAL_UARTEx_TxFifoEmptyCallback
                0x0801063c        0x4 libDaisy/build\libdaisy.a(stm32h7xx_hal_uart_ex.o)
                0x0801063c                HAL_UARTEx_TxFifoEmptyCallback
 .text.HAL_UARTEx_DisableFifoMode
                0x08010640       0x3c libDaisy/build\libdaisy.a(stm32h7xx_hal_uart_ex.o)
                0x08010640                HAL_UARTEx_DisableFifoMode
 .text.HAL_UARTEx_SetTxFifoThreshold
                0x0801067c       0x9c libDaisy/build\libdaisy.a(stm32h7xx_hal_uart_ex.o)
                0x0801067c                HAL_UARTEx_SetTxFifoThreshold
 .text.HAL_UARTEx_SetRxFifoThreshold
                0x08010718       0x9c libDaisy/build\libdaisy.a(stm32h7xx_hal_uart_ex.o)
                0x08010718                HAL_UARTEx_SetRxFifoThreshold
 .text.FMC_SDRAM_Init
                0x080107b4       0x7c libDaisy/build\libdaisy.a(stm32h7xx_ll_fmc.o)
                0x080107b4                FMC_SDRAM_Init
 .text.FMC_SDRAM_Timing_Init
                0x08010830       0x98 libDaisy/build\libdaisy.a(stm32h7xx_ll_fmc.o)
                0x08010830                FMC_SDRAM_Timing_Init
 .text.FMC_SDRAM_SendCommand
                0x080108c8       0x28 libDaisy/build\libdaisy.a(stm32h7xx_ll_fmc.o)
                0x080108c8                FMC_SDRAM_SendCommand
 .text.FMC_SDRAM_ProgramRefreshRate
                0x080108f0       0x1c libDaisy/build\libdaisy.a(stm32h7xx_ll_fmc.o)
                0x080108f0                FMC_SDRAM_ProgramRefreshRate
 .text.SDMMC_ReadFIFO
                0x0801090c        0x8 libDaisy/build\libdaisy.a(stm32h7xx_ll_sdmmc.o)
                0x0801090c                SDMMC_ReadFIFO
 .text.SDMMC_WriteFIFO
                0x08010914        0xc libDaisy/build\libdaisy.a(stm32h7xx_ll_sdmmc.o)
                0x08010914                SDMMC_WriteFIFO
 .text.SDMMC_CmdStopTransfer
                0x08010920      0x168 libDaisy/build\libdaisy.a(stm32h7xx_ll_sdmmc.o)
                0x08010920                SDMMC_CmdStopTransfer
 .text.USB_SetTurnaroundTime
                0x08010a88       0xf4 libDaisy/build\libdaisy.a(stm32h7xx_ll_usb.o)
                0x08010a88                USB_SetTurnaroundTime
 .text.USB_FlushTxFifo
                0x08010b7c       0x24 libDaisy/build\libdaisy.a(stm32h7xx_ll_usb.o)
                0x08010b7c                USB_FlushTxFifo
 .text.USB_GetDevSpeed
                0x08010ba0       0x18 libDaisy/build\libdaisy.a(stm32h7xx_ll_usb.o)
                0x08010ba0                USB_GetDevSpeed
 .text.USB_ActivateEndpoint
                0x08010bb8       0x90 libDaisy/build\libdaisy.a(stm32h7xx_ll_usb.o)
                0x08010bb8                USB_ActivateEndpoint
 .text.USB_EPStartXfer
                0x08010c48      0x230 libDaisy/build\libdaisy.a(stm32h7xx_ll_usb.o)
                0x08010c48                USB_EPStartXfer
 .text.USB_EP0StartXfer
                0x08010e78      0x174 libDaisy/build\libdaisy.a(stm32h7xx_ll_usb.o)
                0x08010e78                USB_EP0StartXfer
 .text.USB_WritePacket
                0x08010fec       0x2c libDaisy/build\libdaisy.a(stm32h7xx_ll_usb.o)
                0x08010fec                USB_WritePacket
 .text.USB_ReadPacket
                0x08011018       0x20 libDaisy/build\libdaisy.a(stm32h7xx_ll_usb.o)
                0x08011018                USB_ReadPacket
 .text.USB_EPSetStall
                0x08011038       0x68 libDaisy/build\libdaisy.a(stm32h7xx_ll_usb.o)
                0x08011038                USB_EPSetStall
 .text.USB_EPClearStall
                0x080110a0       0x58 libDaisy/build\libdaisy.a(stm32h7xx_ll_usb.o)
                0x080110a0                USB_EPClearStall
 .text.USB_SetDevAddress
                0x080110f8       0x24 libDaisy/build\libdaisy.a(stm32h7xx_ll_usb.o)
                0x080110f8                USB_SetDevAddress
 .text.USB_ReadInterrupts
                0x0801111c        0x8 libDaisy/build\libdaisy.a(stm32h7xx_ll_usb.o)
                0x0801111c                USB_ReadInterrupts
 .text.USB_ReadDevAllOutEpInterrupt
                0x08011124       0x10 libDaisy/build\libdaisy.a(stm32h7xx_ll_usb.o)
                0x08011124                USB_ReadDevAllOutEpInterrupt
 .text.USB_ReadDevAllInEpInterrupt
                0x08011134       0x10 libDaisy/build\libdaisy.a(stm32h7xx_ll_usb.o)
                0x08011134                USB_ReadDevAllInEpInterrupt
 .text.USB_ReadDevOutEPInterrupt
                0x08011144       0x14 libDaisy/build\libdaisy.a(stm32h7xx_ll_usb.o)
                0x08011144                USB_ReadDevOutEPInterrupt
 .text.USB_ReadDevInEPInterrupt
                0x08011158       0x20 libDaisy/build\libdaisy.a(stm32h7xx_ll_usb.o)
                0x08011158                USB_ReadDevInEPInterrupt
 .text.USB_GetMode
                0x08011178        0x8 libDaisy/build\libdaisy.a(stm32h7xx_ll_usb.o)
                0x08011178                USB_GetMode
 .text.USB_ActivateSetup
                0x08011180       0x38 libDaisy/build\libdaisy.a(stm32h7xx_ll_usb.o)
                0x08011180                USB_ActivateSetup
 .text.USB_EP0_OutStart
                0x080111b8       0x58 libDaisy/build\libdaisy.a(stm32h7xx_ll_usb.o)
                0x080111b8                USB_EP0_OutStart
 .text.USB_InitFSLSPClkSel
                0x08011210       0x44 libDaisy/build\libdaisy.a(stm32h7xx_ll_usb.o)
                0x08011210                USB_InitFSLSPClkSel
 .text.USB_HC_ReadInterrupt
                0x08011254        0x8 libDaisy/build\libdaisy.a(stm32h7xx_ll_usb.o)
                0x08011254                USB_HC_ReadInterrupt
 .text.USB_HC_Halt
                0x0801125c       0xb4 libDaisy/build\libdaisy.a(stm32h7xx_ll_usb.o)
                0x0801125c                USB_HC_Halt
 .text.USB_StopHost
                0x08011310      0x184 libDaisy/build\libdaisy.a(stm32h7xx_ll_usb.o)
                0x08011310                USB_StopHost
 .text.USBD_SetClassConfig
                0x08011494       0x14 libDaisy/build\libdaisy.a(usbd_core.o)
                0x08011494                USBD_SetClassConfig
 .text.USBD_ClrClassConfig
                0x080114a8       0x10 libDaisy/build\libdaisy.a(usbd_core.o)
                0x080114a8                USBD_ClrClassConfig
 .text.USBD_LL_SetupStage
                0x080114b8       0x5c libDaisy/build\libdaisy.a(usbd_core.o)
                0x080114b8                USBD_LL_SetupStage
 .text.USBD_LL_DataOutStage
                0x08011514       0x7c libDaisy/build\libdaisy.a(usbd_core.o)
                0x08011514                USBD_LL_DataOutStage
 .text.USBD_LL_DataInStage
                0x08011590       0xcc libDaisy/build\libdaisy.a(usbd_core.o)
                0x08011590                USBD_LL_DataInStage
 .text.USBD_LL_Reset
                0x0801165c       0x50 libDaisy/build\libdaisy.a(usbd_core.o)
                0x0801165c                USBD_LL_Reset
 .text.USBD_LL_SetSpeed
                0x080116ac        0x8 libDaisy/build\libdaisy.a(usbd_core.o)
                0x080116ac                USBD_LL_SetSpeed
 .text.USBD_LL_Suspend
                0x080116b4       0x14 libDaisy/build\libdaisy.a(usbd_core.o)
                0x080116b4                USBD_LL_Suspend
 .text.USBD_LL_Resume
                0x080116c8       0x10 libDaisy/build\libdaisy.a(usbd_core.o)
                0x080116c8                USBD_LL_Resume
 .text.USBD_LL_SOF
                0x080116d8       0x1c libDaisy/build\libdaisy.a(usbd_core.o)
                0x080116d8                USBD_LL_SOF
 .text.USBD_LL_IsoINIncomplete
                0x080116f4        0x4 libDaisy/build\libdaisy.a(usbd_core.o)
                0x080116f4                USBD_LL_IsoINIncomplete
 .text.USBD_LL_IsoOUTIncomplete
                0x080116f8        0x4 libDaisy/build\libdaisy.a(usbd_core.o)
                0x080116f8                USBD_LL_IsoOUTIncomplete
 .text.USBD_LL_DevConnected
                0x080116fc        0x4 libDaisy/build\libdaisy.a(usbd_core.o)
                0x080116fc                USBD_LL_DevConnected
 .text.USBD_LL_DevDisconnected
                0x08011700       0x18 libDaisy/build\libdaisy.a(usbd_core.o)
                0x08011700                USBD_LL_DevDisconnected
 .text.USBD_StdDevReq
                0x08011718      0x304 libDaisy/build\libdaisy.a(usbd_ctlreq.o)
                0x08011718                USBD_StdDevReq
 .text.USBD_StdItfReq
                0x08011a1c       0x68 libDaisy/build\libdaisy.a(usbd_ctlreq.o)
                0x08011a1c                USBD_StdItfReq
 .text.USBD_StdEPReq
                0x08011a84      0x13c libDaisy/build\libdaisy.a(usbd_ctlreq.o)
                0x08011a84                USBD_StdEPReq
 .text.USBD_ParseSetupRequest
                0x08011bc0       0x28 libDaisy/build\libdaisy.a(usbd_ctlreq.o)
                0x08011bc0                USBD_ParseSetupRequest
 .text.USBD_CtlSendData
                0x08011be8       0x1c libDaisy/build\libdaisy.a(usbd_ioreq.o)
                0x08011be8                USBD_CtlSendData
 .text.USBD_CtlContinueSendData
                0x08011c04       0x14 libDaisy/build\libdaisy.a(usbd_ioreq.o)
                0x08011c04                USBD_CtlContinueSendData
 .text.USBD_CtlContinueRx
                0x08011c18       0x14 libDaisy/build\libdaisy.a(usbd_ioreq.o)
                0x08011c18                USBD_CtlContinueRx
 .text.USBD_CtlSendStatus
                0x08011c2c       0x18 libDaisy/build\libdaisy.a(usbd_ioreq.o)
                0x08011c2c                USBD_CtlSendStatus
 .text.USBD_CtlReceiveStatus
                0x08011c44       0x18 libDaisy/build\libdaisy.a(usbd_ioreq.o)
                0x08011c44                USBD_CtlReceiveStatus
 .text.USBH_LL_IncTimer
                0x08011c5c       0x20 libDaisy/build\libdaisy.a(usbh_core.o)
                0x08011c5c                USBH_LL_IncTimer
 .text.USBH_LL_PortEnabled
                0x08011c7c        0x8 libDaisy/build\libdaisy.a(usbh_core.o)
                0x08011c7c                USBH_LL_PortEnabled
 .text.USBH_LL_PortDisabled
                0x08011c84        0x8 libDaisy/build\libdaisy.a(usbh_core.o)
                0x08011c84                USBH_LL_PortDisabled
 .text.USBH_LL_Connect
                0x08011c8c       0x18 libDaisy/build\libdaisy.a(usbh_core.o)
                0x08011c8c                USBH_LL_Connect
 .text.USBH_LL_Disconnect
                0x08011ca4       0x2c libDaisy/build\libdaisy.a(usbh_core.o)
                0x08011ca4                USBH_LL_Disconnect
 .text.USBH_FreePipe
                0x08011cd0       0x18 libDaisy/build\libdaisy.a(usbh_pipes.o)
                0x08011cd0                USBH_FreePipe
 .text._ZN5daisy6Random4InitEv
                0x08011ce8       0x3c libDaisy/build\libdaisy.a(rng.o)
                0x08011ce8                daisy::Random::Init()
 .text._ZN5daisy9SpiHandle4Impl7InitDmaEv
                0x08011d24       0xec libDaisy/build\libdaisy.a(spi.o)
                0x08011d24                daisy::SpiHandle::Impl::InitDma()
 .text._ZN5daisy9SpiHandle4Impl10StartDmaTxEPhjPFvPvEPFvS3_NS0_6ResultEES3_
                0x08011e10       0xc8 libDaisy/build\libdaisy.a(spi.o)
                0x08011e10                daisy::SpiHandle::Impl::StartDmaTx(unsigned char*, unsigned int, void (*)(void*), void (*)(void*, daisy::SpiHandle::Result), void*)
 .text._ZN5daisy9SpiHandle4Impl10StartDmaRxEPhjPFvPvEPFvS3_NS0_6ResultEES3_
                0x08011ed8       0xc8 libDaisy/build\libdaisy.a(spi.o)
                0x08011ed8                daisy::SpiHandle::Impl::StartDmaRx(unsigned char*, unsigned int, void (*)(void*), void (*)(void*, daisy::SpiHandle::Result), void*)
 .text._ZN5daisy9SpiHandle4Impl12StartDmaRxTxEPhS2_jPFvPvEPFvS3_NS0_6ResultEES3_
                0x08011fa0       0xcc libDaisy/build\libdaisy.a(spi.o)
                0x08011fa0                daisy::SpiHandle::Impl::StartDmaRxTx(unsigned char*, unsigned char*, unsigned int, void (*)(void*), void (*)(void*, daisy::SpiHandle::Result), void*)
 .text._ZN5daisy9SpiHandle4Impl8InitPinsEv
                0x0801206c      0x274 libDaisy/build\libdaisy.a(spi.o)
                0x0801206c                daisy::SpiHandle::Impl::InitPins()
 .text.HAL_SPI_MspInit
                0x080122e0      0x1a8 libDaisy/build\libdaisy.a(spi.o)
                0x080122e0                HAL_SPI_MspInit
 .text.dsy_spi_global_init
                0x08012488       0x80 libDaisy/build\libdaisy.a(spi.o)
                0x08012488                dsy_spi_global_init
 .text.SPI1_IRQHandler
                0x08012508        0xc libDaisy/build\libdaisy.a(spi.o)
                0x08012508                SPI1_IRQHandler
 .text.DMA2_Stream2_IRQHandler
                0x08012514       0x34 libDaisy/build\libdaisy.a(spi.o)
                0x08012514                DMA2_Stream2_IRQHandler
 .text.DMA2_Stream3_IRQHandler
                0x08012548       0x38 libDaisy/build\libdaisy.a(spi.o)
                0x08012548                DMA2_Stream3_IRQHandler
 .text.HAL_SPI_TxCpltCallback
                0x08012580       0xc4 libDaisy/build\libdaisy.a(spi.o)
                0x08012580                HAL_SPI_TxCpltCallback
 .text.HAL_SPI_RxCpltCallback
                0x08012644       0xc4 libDaisy/build\libdaisy.a(spi.o)
                0x08012644                HAL_SPI_RxCpltCallback
 .text.HAL_SPI_TxRxCpltCallback
                0x08012708       0xc4 libDaisy/build\libdaisy.a(spi.o)
                0x08012708                HAL_SPI_TxRxCpltCallback
 .text.HAL_SPI_ErrorCallback
                0x080127cc       0xc8 libDaisy/build\libdaisy.a(spi.o)
                0x080127cc                HAL_SPI_ErrorCallback
 .text.startup._GLOBAL__sub_I__Z19MapInstanceToHandleP11SPI_TypeDef
                0x08012894      0x168 libDaisy/build\libdaisy.a(spi.o)
 .text.HAL_TIM_Base_MspInit
                0x080129fc       0xcc libDaisy/build\libdaisy.a(tim.o)
                0x080129fc                HAL_TIM_Base_MspInit
 .text._ZN5daisy11TimerHandle4InitERKNS0_6ConfigE
                0x08012ac8       0xc4 libDaisy/build\libdaisy.a(tim.o)
                0x08012ac8                daisy::TimerHandle::Init(daisy::TimerHandle::Config const&)
 .text._ZN5daisy11TimerHandle5StartEv
                0x08012b8c       0x14 libDaisy/build\libdaisy.a(tim.o)
                0x08012b8c                daisy::TimerHandle::Start()
 .text.dsy_dma_init
                0x08012ba0       0xf0 libDaisy/build\libdaisy.a(dma.o)
                0x08012ba0                dsy_dma_init
 .text.HAL_MDMA_Abort_IT
                0x08012c90       0x2c libDaisy/build\libdaisy.a(stm32h7xx_hal_mdma.o)
                0x08012c90                HAL_MDMA_Abort_IT
 .text.SPI_CloseTransfer
                0x08012cbc       0xb8 libDaisy/build\libdaisy.a(stm32h7xx_hal_spi.o)
 .text.HAL_SPI_Init
                0x08012d74      0x15c libDaisy/build\libdaisy.a(stm32h7xx_hal_spi.o)
                0x08012d74                HAL_SPI_Init
 .text.HAL_SPI_Transmit_DMA
                0x08012ed0      0x170 libDaisy/build\libdaisy.a(stm32h7xx_hal_spi.o)
                0x08012ed0                HAL_SPI_Transmit_DMA
 .text.HAL_SPI_TransmitReceive_DMA
                0x08013040      0x218 libDaisy/build\libdaisy.a(stm32h7xx_hal_spi.o)
                0x08013040                HAL_SPI_TransmitReceive_DMA
 .text.HAL_SPI_Receive_DMA
                0x08013258      0x1b4 libDaisy/build\libdaisy.a(stm32h7xx_hal_spi.o)
                0x08013258                HAL_SPI_Receive_DMA
 .text.SPI_DMATransmitCplt
                0x0801340c       0x28 libDaisy/build\libdaisy.a(stm32h7xx_hal_spi.o)
 .text.SPI_DMAReceiveCplt
                0x08013434       0x28 libDaisy/build\libdaisy.a(stm32h7xx_hal_spi.o)
 .text.SPI_DMATransmitReceiveCplt
                0x0801345c       0x28 libDaisy/build\libdaisy.a(stm32h7xx_hal_spi.o)
 .text.HAL_SPI_TxHalfCpltCallback
                0x08013484        0x4 libDaisy/build\libdaisy.a(stm32h7xx_hal_spi.o)
                0x08013484                HAL_SPI_TxHalfCpltCallback
 .text.SPI_DMAHalfTransmitCplt
                0x08013488        0xc libDaisy/build\libdaisy.a(stm32h7xx_hal_spi.o)
 .text.HAL_SPI_RxHalfCpltCallback
                0x08013494        0x4 libDaisy/build\libdaisy.a(stm32h7xx_hal_spi.o)
                0x08013494                HAL_SPI_RxHalfCpltCallback
 .text.SPI_DMAHalfReceiveCplt
                0x08013498        0xc libDaisy/build\libdaisy.a(stm32h7xx_hal_spi.o)
 .text.HAL_SPI_TxRxHalfCpltCallback
                0x080134a4        0x4 libDaisy/build\libdaisy.a(stm32h7xx_hal_spi.o)
                0x080134a4                HAL_SPI_TxRxHalfCpltCallback
 .text.SPI_DMAHalfTransmitReceiveCplt
                0x080134a8        0xc libDaisy/build\libdaisy.a(stm32h7xx_hal_spi.o)
 .text.SPI_DMAError
                0x080134b4       0xd8 libDaisy/build\libdaisy.a(stm32h7xx_hal_spi.o)
 .text.HAL_SPI_IRQHandler
                0x0801358c      0x23c libDaisy/build\libdaisy.a(stm32h7xx_hal_spi.o)
                0x0801358c                HAL_SPI_IRQHandler
 .text.SPI_DMAAbortOnError
                0x080137c8       0x1c libDaisy/build\libdaisy.a(stm32h7xx_hal_spi.o)
 .text.HAL_SPI_GetState
                0x080137e4        0x8 libDaisy/build\libdaisy.a(stm32h7xx_hal_spi.o)
                0x080137e4                HAL_SPI_GetState
 .text.__aeabi_atexit
                0x080137ec        0xa c:/users/yaman/downloads/daisytoolchain-0.3.3/daisytoolchain-0.3.3/windows/bin/../lib/gcc/arm-none-eabi/10.2.1/../../../../arm-none-eabi/lib/thumb/v7e-m+dp/hard\libstdc++_nano.a(atexit_arm.o)
                0x080137ec                __aeabi_atexit
 .text._ZNK10__cxxabiv117__class_type_info11__do_upcastEPKS0_PPv
                0x080137f6       0x32 c:/users/yaman/downloads/daisytoolchain-0.3.3/daisytoolchain-0.3.3/windows/bin/../lib/gcc/arm-none-eabi/10.2.1/../../../../arm-none-eabi/lib/thumb/v7e-m+dp/hard\libstdc++_nano.a(class_type_info.o)
                0x080137f6                __cxxabiv1::__class_type_info::__do_upcast(__cxxabiv1::__class_type_info const*, void**) const
 .text._ZNK10__cxxabiv117__class_type_info20__do_find_public_srcEiPKvPKS0_S2_
                0x08013828        0xc c:/users/yaman/downloads/daisytoolchain-0.3.3/daisytoolchain-0.3.3/windows/bin/../lib/gcc/arm-none-eabi/10.2.1/../../../../arm-none-eabi/lib/thumb/v7e-m+dp/hard\libstdc++_nano.a(class_type_info.o)
                0x08013828                __cxxabiv1::__class_type_info::__do_find_public_src(int, void const*, __cxxabiv1::__class_type_info const*, void const*) const
 .text._ZN10__cxxabiv117__class_type_infoD2Ev
                0x08013834       0x14 c:/users/yaman/downloads/daisytoolchain-0.3.3/daisytoolchain-0.3.3/windows/bin/../lib/gcc/arm-none-eabi/10.2.1/../../../../arm-none-eabi/lib/thumb/v7e-m+dp/hard\libstdc++_nano.a(class_type_info.o)
                0x08013834                __cxxabiv1::__class_type_info::~__class_type_info()
                0x08013834                __cxxabiv1::__class_type_info::~__class_type_info()
 .text._ZN10__cxxabiv117__class_type_infoD0Ev
                0x08013848       0x14 c:/users/yaman/downloads/daisytoolchain-0.3.3/daisytoolchain-0.3.3/windows/bin/../lib/gcc/arm-none-eabi/10.2.1/../../../../arm-none-eabi/lib/thumb/v7e-m+dp/hard\libstdc++_nano.a(class_type_info.o)
                0x08013848                __cxxabiv1::__class_type_info::~__class_type_info()
 .text._ZNK10__cxxabiv117__class_type_info12__do_dyncastEiNS0_10__sub_kindEPKS0_PKvS3_S5_RNS0_16__dyncast_resultE
                0x0801385c       0x3e c:/users/yaman/downloads/daisytoolchain-0.3.3/daisytoolchain-0.3.3/windows/bin/../lib/gcc/arm-none-eabi/10.2.1/../../../../arm-none-eabi/lib/thumb/v7e-m+dp/hard\libstdc++_nano.a(class_type_info.o)
                0x0801385c                __cxxabiv1::__class_type_info::__do_dyncast(int, __cxxabiv1::__class_type_info::__sub_kind, __cxxabiv1::__class_type_info const*, void const*, __cxxabiv1::__class_type_info const*, void const*, __cxxabiv1::__class_type_info::__dyncast_result&) const
 .text._ZNK10__cxxabiv117__class_type_info11__do_upcastEPKS0_PKvRNS0_15__upcast_resultE
                0x0801389a       0x18 c:/users/yaman/downloads/daisytoolchain-0.3.3/daisytoolchain-0.3.3/windows/bin/../lib/gcc/arm-none-eabi/10.2.1/../../../../arm-none-eabi/lib/thumb/v7e-m+dp/hard\libstdc++_nano.a(class_type_info.o)
                0x0801389a                __cxxabiv1::__class_type_info::__do_upcast(__cxxabiv1::__class_type_info const*, void const*, __cxxabiv1::__class_type_info::__upcast_result&) const
 .text._ZNK10__cxxabiv117__class_type_info10__do_catchEPKSt9type_infoPPvj
                0x080138b2       0x2a c:/users/yaman/downloads/daisytoolchain-0.3.3/daisytoolchain-0.3.3/windows/bin/../lib/gcc/arm-none-eabi/10.2.1/../../../../arm-none-eabi/lib/thumb/v7e-m+dp/hard\libstdc++_nano.a(class_type_info.o)
                0x080138b2                __cxxabiv1::__class_type_info::__do_catch(std::type_info const*, void**, unsigned int) const
 .text._ZdlPvj  0x080138dc        0x4 c:/users/yaman/downloads/daisytoolchain-0.3.3/daisytoolchain-0.3.3/windows/bin/../lib/gcc/arm-none-eabi/10.2.1/../../../../arm-none-eabi/lib/thumb/v7e-m+dp/hard\libstdc++_nano.a(del_ops.o)
                0x080138dc                operator delete(void*, unsigned int)
 .text._ZN10__cxxabiv120__si_class_type_infoD2Ev
                0x080138e0       0x14 c:/users/yaman/downloads/daisytoolchain-0.3.3/daisytoolchain-0.3.3/windows/bin/../lib/gcc/arm-none-eabi/10.2.1/../../../../arm-none-eabi/lib/thumb/v7e-m+dp/hard\libstdc++_nano.a(si_class_type_info.o)
                0x080138e0                __cxxabiv1::__si_class_type_info::~__si_class_type_info()
                0x080138e0                __cxxabiv1::__si_class_type_info::~__si_class_type_info()
 .text._ZN10__cxxabiv120__si_class_type_infoD0Ev
                0x080138f4       0x14 c:/users/yaman/downloads/daisytoolchain-0.3.3/daisytoolchain-0.3.3/windows/bin/../lib/gcc/arm-none-eabi/10.2.1/../../../../arm-none-eabi/lib/thumb/v7e-m+dp/hard\libstdc++_nano.a(si_class_type_info.o)
                0x080138f4                __cxxabiv1::__si_class_type_info::~__si_class_type_info()
 .text._ZNK10__cxxabiv120__si_class_type_info20__do_find_public_srcEiPKvPKNS_17__class_type_infoES2_
                0x08013908       0x38 c:/users/yaman/downloads/daisytoolchain-0.3.3/daisytoolchain-0.3.3/windows/bin/../lib/gcc/arm-none-eabi/10.2.1/../../../../arm-none-eabi/lib/thumb/v7e-m+dp/hard\libstdc++_nano.a(si_class_type_info.o)
                0x08013908                __cxxabiv1::__si_class_type_info::__do_find_public_src(int, void const*, __cxxabiv1::__class_type_info const*, void const*) const
 .text._ZNK10__cxxabiv120__si_class_type_info12__do_dyncastEiNS_17__class_type_info10__sub_kindEPKS1_PKvS4_S6_RNS1_16__dyncast_resultE
                0x08013940       0x74 c:/users/yaman/downloads/daisytoolchain-0.3.3/daisytoolchain-0.3.3/windows/bin/../lib/gcc/arm-none-eabi/10.2.1/../../../../arm-none-eabi/lib/thumb/v7e-m+dp/hard\libstdc++_nano.a(si_class_type_info.o)
                0x08013940                __cxxabiv1::__si_class_type_info::__do_dyncast(int, __cxxabiv1::__class_type_info::__sub_kind, __cxxabiv1::__class_type_info const*, void const*, __cxxabiv1::__class_type_info const*, void const*, __cxxabiv1::__class_type_info::__dyncast_result&) const
 .text._ZNK10__cxxabiv120__si_class_type_info11__do_upcastEPKNS_17__class_type_infoEPKvRNS1_15__upcast_resultE
                0x080139b4       0x2a c:/users/yaman/downloads/daisytoolchain-0.3.3/daisytoolchain-0.3.3/windows/bin/../lib/gcc/arm-none-eabi/10.2.1/../../../../arm-none-eabi/lib/thumb/v7e-m+dp/hard\libstdc++_nano.a(si_class_type_info.o)
                0x080139b4                __cxxabiv1::__si_class_type_info::__do_upcast(__cxxabiv1::__class_type_info const*, void const*, __cxxabiv1::__class_type_info::__upcast_result&) const
 .text._ZNSt9type_infoD2Ev